ARM Linker, 5.03 [Build 76] [MDK-ARM Standard]

==============================================================================

Section Cross References

    system_stm32f4xx.o(.text) refers to system_stm32f4xx.o(.data) for SystemCoreClock
    startup_stm32f4xx.o(STACK) refers (Special) to heapauxi.o(.text) for __use_two_region_memory
    startup_stm32f4xx.o(HEAP) refers (Special) to heapauxi.o(.text) for __use_two_region_memory
    startup_stm32f4xx.o(RESET) refers (Special) to heapauxi.o(.text) for __use_two_region_memory
    startup_stm32f4xx.o(RESET) refers to startup_stm32f4xx.o(STACK) for __initial_sp
    startup_stm32f4xx.o(RESET) refers to startup_stm32f4xx.o(.text) for Reset_Handler
    startup_stm32f4xx.o(RESET) refers to stm32f4xx_it.o(.text) for NMI_Handler
    startup_stm32f4xx.o(.text) refers (Special) to heapauxi.o(.text) for __use_two_region_memory
    startup_stm32f4xx.o(.text) refers to system_stm32f4xx.o(.text) for SystemInit
    startup_stm32f4xx.o(.text) refers to __main.o(!!!main) for __main
    startup_stm32f4xx.o(.text) refers to startup_stm32f4xx.o(HEAP) for Heap_Mem
    startup_stm32f4xx.o(.text) refers to startup_stm32f4xx.o(STACK) for Stack_Mem
    main.o(.text) refers to usart.o(.text) for USART_RXNE_Init
    main.o(.text) refers to gpio.o(.text) for LEDGpio_Init
    main.o(.text) refers to mytimer.o(.text) for MyTimer_Start
    main.o(.text) refers to relay.o(.text) for Relay_Init
    main.o(.text) refers to motor.o(.text) for Motor_paraset
    main.o(.text) refers to msg_handler.o(.text) for msg_receive
    stm32f4xx_it.o(.text) refers to stm32f4xx_usart.o(.text) for USART_GetITStatus
    stm32f4xx_it.o(.text) refers to stm32f4xx_gpio.o(.text) for GPIO_SetBits
    stm32f4xx_it.o(.text) refers to tim_pwm.o(.text) for TIM_IT_Handler
    stm32f4xx_it.o(.text) refers to mytimer.o(.text) for MyTimer_IT_Handler
    stm32f4xx_it.o(.text) refers to msg_handler.o(.data) for USART_RX_STA
    stm32f4xx_it.o(.text) refers to msg_handler.o(.bss) for USART_RX_BUF
    msg_handler.o(.text) refers to usart.o(.text) for debug
    msg_handler.o(.text) refers to strtok.o(.text) for strtok
    msg_handler.o(.text) refers to strcmpv7m.o(.text) for strcmp
    msg_handler.o(.text) refers to strtol.o(.text) for strtol
    msg_handler.o(.text) refers to motor.o(.text) for Motor_Stop
    msg_handler.o(.text) refers to relay.o(.text) for Relay_writebit
    msg_handler.o(.text) refers to rt_memclr.o(.text) for __aeabi_memclr
    msg_handler.o(.text) refers to stm32f4xx_gpio.o(.text) for GPIO_SetBits
    msg_handler.o(.text) refers to msg_handler.o(.bss) for cmd_buf
    msg_handler.o(.text) refers to msg_handler.o(.data) for USART_RX_STA
    motor.o(.text) refers to tim_pwm.o(.text) for TIM_ParaSet
    motor.o(.text) refers to motor.o(.bss) for motor_array
    motor.o(.text) refers to usart.o(.text) for debug
    motor.o(.text) refers to gpio.o(.text) for Gpio_ReadBit
    relay.o(.text) refers to gpio.o(.text) for Gpio_Writebit
    relay.o(.text) refers to relay.o(.data) for relay_array
    stm32f4xx_gpio.o(.text) refers to stm32f4xx_rcc.o(.text) for RCC_AHB1PeriphResetCmd
    stm32f4xx_rcc.o(.text) refers to stm32f4xx_rcc.o(.data) for APBAHBPrescTable
    stm32f4xx_tim.o(.text) refers to stm32f4xx_rcc.o(.text) for RCC_APB2PeriphResetCmd
    stm32f4xx_usart.o(.text) refers to stm32f4xx_rcc.o(.text) for RCC_APB2PeriphResetCmd
    gpio.o(.text) refers to stm32f4xx_rcc.o(.text) for RCC_AHB1PeriphClockCmd
    gpio.o(.text) refers to stm32f4xx_gpio.o(.text) for GPIO_Init
    gpio.o(.text) refers to gpio.o(.data) for led_array
    tim_pwm.o(.text) refers to tim_pwm.o(.bss) for timer_array
    tim_pwm.o(.text) refers to tim_pwm.o(.data) for PB2_TIM_ARR
    tim_pwm.o(.text) refers to rt_memcpy_w.o(.text) for __aeabi_memcpy4
    tim_pwm.o(.text) refers to stm32f4xx_rcc.o(.text) for RCC_AHB1PeriphClockCmd
    tim_pwm.o(.text) refers to stm32f4xx_gpio.o(.text) for GPIO_Init
    tim_pwm.o(.text) refers to misc.o(.text) for NVIC_Init
    tim_pwm.o(.text) refers to stm32f4xx_tim.o(.text) for TIM_TimeBaseInit
    tim_pwm.o(.text) refers to usart.o(.text) for debug
    tim_pwm.o(.text) refers to motor.o(.text) for Motor_timid2motorid
    usart.o(.text) refers to stm32f4xx_rcc.o(.text) for RCC_AHB1PeriphClockCmd
    usart.o(.text) refers to stm32f4xx_gpio.o(.text) for GPIO_PinAFConfig
    usart.o(.text) refers to stm32f4xx_usart.o(.text) for USART_Init
    usart.o(.text) refers to misc.o(.text) for NVIC_PriorityGroupConfig
    usart.o(.text) refers to rt_memclr_w.o(.text) for __aeabi_memclr4
    usart.o(.text) refers to c89vsprintf.o(.text) for __c89vsprintf
    usart.o(.text) refers to usart.o(.data) for DEFAULT_BAUD_GSM
    mytimer.o(.text) refers to stm32f4xx_rcc.o(.text) for RCC_APB1PeriphClockCmd
    mytimer.o(.text) refers to misc.o(.text) for NVIC_Init
    mytimer.o(.text) refers to stm32f4xx_tim.o(.text) for TIM_TimeBaseInit
    mytimer.o(.text) refers to motor.o(.text) for Motor_ScanLmtBit_test
[...]
    .text                                    0x08004250   Section       16  rt_ctype_table.o(.text)
    .text                                    0x08004260   Section        8  rt_errno_addr_intlibspace.o(.text)
    .text                                    0x08004268   Section        0  _printf_pad.o(.text)
    .text                                    0x080042ba   Section        0  _printf_truncate.o(.text)
    .text                                    0x080042de   Section        0  _printf_str.o(.text)
    .text                                    0x08004330   Section        0  _printf_dec.o(.text)
    .text                                    0x080043a8   Section        0  _printf_charcount.o(.text)
    .text                                    0x080043d4   Section        0  _printf_char_common.o(.text)
    _printf_input_char                       0x080043d5   Thumb Code    10  _printf_char_common.o(.text)
    .text                                    0x08004404   Section        0  _sputc.o(.text)
    .text                                    0x08004410   Section        0  _printf_wctomb.o(.text)
    .text                                    0x080044cc   Section        0  _printf_longlong_dec.o(.text)
    .text                                    0x08004544   Section        0  _printf_oct_int_ll.o(.text)
    _printf_longlong_oct_internal            0x08004545   Thumb Code     0  _printf_oct_int_ll.o(.text)
    .text                                    0x080045bc   Section        0  _printf_hex_int_ll_ptr.o(.text)
    _printf_hex_common                       0x080045bd   Thumb Code     0  _printf_hex_int_ll_ptr.o(.text)
    .text                                    0x08004658   Section        0  __printf_flags_ss_wp.o(.text)
    .text                                    0x080047e4   Section        0  _strtoul.o(.text)
    .text                                    0x08004884   Section        0  strtok_int.o(.text)
    .text                                    0x080048c8   Section        8  libspace.o(.text)
    .text                                    0x080048d0   Section        8  rt_locale_intlibspace.o(.text)
    .text                                    0x080048d8   Section      138  lludiv10.o(.text)
    .text                                    0x08004962   Section        0  _printf_intcommon.o(.text)
    .text                                    0x08004a1a   Section        0  _printf_fp_dec.o(.text)
    _fp_digits                               0x08004a1d   Thumb Code   426  _printf_fp_dec.o(.text)
    .text                                    0x08004e3a   Section        0  _printf_char.o(.text)
    .text                                    0x08004e66   Section        0  _printf_wchar.o(.text)
    .text                                    0x08004e92   Section        0  _chval.o(.text)
    .text                                    0x08004eae   Section        0  _wcrtomb.o(.text)
    .text                                    0x08004eee   Section        0  strcspn.o(.text)
    .text                                    0x08004f0e   Section        0  strspn.o(.text)
    .text                                    0x08004f2a   Section       74  sys_stackheap_outer.o(.text)
    .text                                    0x08004f74   Section        0  _printf_fp_infnan.o(.text)
    .text                                    0x08004ff4   Section        0  bigflt0.o(.text)
    .text                                    0x080050d8   Section        0  exit.o(.text)
    .text                                    0x080050e4   Section        0  sys_exit.o(.text)
    .text                                    0x080050f0   Section        2  use_no_semi.o(.text)
    .text                                    0x080050f2   Section        0  indicate_semi.o(.text)
    CL$$btod_d2e                             0x080050f2   Section       62  btod.o(CL$$btod_d2e)
    CL$$btod_d2e_denorm_low                  0x08005130   Section       70  btod.o(CL$$btod_d2e_denorm_low)
    CL$$btod_d2e_norm_op1                    0x08005176   Section       96  btod.o(CL$$btod_d2e_norm_op1)
    CL$$btod_div_common                      0x080051d6   Section      824  btod.o(CL$$btod_div_common)
    CL$$btod_e2e                             0x0800550e   Section      198  btod.o(CL$$btod_e2e)
    CL$$btod_ediv                            0x080055d4   Section       40  btod.o(CL$$btod_ediv)
    CL$$btod_emul                            0x080055fc   Section       40  btod.o(CL$$btod_emul)
    CL$$btod_mult_common                     0x08005624   Section      580  btod.o(CL$$btod_mult_common)
    i.__ARM_fpclassify                       0x08005868   Section        0  fpclassify.o(i.__ARM_fpclassify)
    i._is_digit                              0x08005898   Section        0  __printf_wp.o(i._is_digit)
    locale$$code                             0x080058a8   Section       44  lc_ctype_c.o(locale$$code)
    locale$$code                             0x080058d4   Section       44  lc_numeric_c.o(locale$$code)
    x$fpl$fpinit                             0x08005900   Section       10  fpinit.o(x$fpl$fpinit)
    $v0                                      0x08005900   Number         0  fpinit.o(x$fpl$fpinit)
    x$fpl$printf1                            0x0800590a   Section        4  printf1.o(x$fpl$printf1)
    $v0                                      0x0800590a   Number         0  printf1.o(x$fpl$printf1)
    x$fpl$usenofp                            0x0800590e   Section        0  usenofp.o(x$fpl$usenofp)
    .constdata                               0x08005910   Section        8  _printf_wctomb.o(.constdata)
    initial_mbstate                          0x08005910   Data           8  _printf_wctomb.o(.constdata)
    .constdata                               0x08005918   Section       40  _printf_hex_int_ll_ptr.o(.constdata)
    uc_hextab                                0x08005918   Data          20  _printf_hex_int_ll_ptr.o(.constdata)
    lc_hextab                                0x0800592c   Data          20  _printf_hex_int_ll_ptr.o(.constdata)
    .constdata                               0x08005940   Section       17  __printf_flags_ss_wp.o(.constdata)
    maptable                                 0x08005940   Data          17  __printf_flags_ss_wp.o(.constdata)
    .constdata                               0x08005954   Section      148  bigflt0.o(.constdata)
    tenpwrs_x                                0x08005954   Data          60  bigflt0.o(.constdata)
    tenpwrs_i                                0x08005990   Data          64  bigflt0.o(.constdata)
    locale$$data                             0x08005a08   Section      272  lc_ctype_c.o(locale$$data)
    __lcctype_c_name                         0x08005a0c   Data           2  lc_ctype_c.o(locale$$data)
    __lcctype_c_start                        0x08005a14   Data           0  lc_ctype_c.o(locale$$data)
    locale$$data                             0x08005b18   Section       28  lc_numeric_c.o(locale$$data)
    __lcctype_c_end                          0x08005b18   Data           0  lc_ctype_c.o(locale$$data)
    __lcnum_c_name                           0x08005b1c   Data           2  lc_numeric_c.o(locale$$data)
    __lcnum_c_start                          0x08005b24   Data           0  lc_numeric_c.o(locale$$data)
    __lcnum_c_point                          0x08005b30   Data           0  lc_numeric_c.o(locale$$data)
    __lcnum_c_thousands                      0x08005b32   Data           0  lc_numeric_c.o(locale$$data)
    __lcnum_c_grouping                       0x08005b33   Data           0  lc_numeric_c.o(locale$$data)
    __lcnum_c_end                            0x08005b34   Data           0  lc_numeric_c.o(locale$$data)
    .data                                    0x20000000   Section       20  system_stm32f4xx.o(.data)
    .data                                    0x20000014   Section        2  msg_handler.o(.data)
    .data                                    0x20000018   Section       96  relay.o(.data)
    .data                                    0x20000078   Section       16  stm32f4xx_rcc.o(.data)
    APBAHBPrescTable                         0x20000078   Data          16  stm32f4xx_rcc.o(.data)
    .data                                    0x20000088   Section       39  gpio.o(.data)
    .data                                    0x200000b0   Section       44  tim_pwm.o(.data)
    .data                                    0x200000dc   Section        4  usart.o(.data)
    .data                                    0x200000e0   Section       10  mytimer.o(.data)
    .data                                    0x200000ec   Section        4  strtok.o(.data)
    _strtok_saves1                           0x200000ec   Data           4  strtok.o(.data)
    .bss                                     0x200000f0   Section      128  msg_handler.o(.bss)
    .bss                                     0x20000170   Section     1008  motor.o(.bss)
    .bss                                     0x20000560   Section      928  tim_pwm.o(.bss)
    .bss                                     0x20000900   Section       96  libspace.o(.bss)
    HEAP                                     0x20000960   Section      512  startup_stm32f4xx.o(HEAP)
    Heap_Mem                                 0x20000960   Data         512  startup_stm32f4xx.o(HEAP)
    STACK                                    0x20000b60   Section     1024  startup_stm32f4xx.o(STACK)
    Stack_Mem                                0x20000b60   Data        1024  startup_stm32f4xx.o(STACK)
    __initial_sp                             0x20000f60   Data           0  startup_stm32f4xx.o(STACK)

    Global Symbols

    Symbol Name                              Value     Ov Type        Size  Object(Section)

    BuildAttributes$$THM_ISAv4$E$P$D$K$B$S$7EM$VFPi3$EXTD16$VFPS$VFMA$PE$A:L22UL41UL21$X:L11$S22US41US21$IEEE1$IW$USESV6$~STKCKD$USESV7$~SHL$OTIME$ROPI$IEEEJ$EBA8$UX$STANDARDLIB$REQ8$PRES8$EABIv2 0x00000000   Number         0  anon$$obj.o ABSOLUTE
    __ARM_use_no_argv                        0x00000000   Number         0  main.o ABSOLUTE
    _printf_flags                            0x00000000   Number         0  printf_stubs.o ABSOLUTE
    _printf_return_value                     0x00000000   Number         0  printf_stubs.o ABSOLUTE
    _printf_sizespec                         0x00000000   Number         0  printf_stubs.o ABSOLUTE
    _printf_widthprec                        0x00000000   Number         0  printf_stubs.o ABSOLUTE
    __ARM_exceptions_init                     - Undefined Weak Reference
    __alloca_initialize                       - Undefined Weak Reference
    __cpp_initialize__aeabi_                  - Undefined Weak Reference
    __cxa_finalize                            - Undefined Weak Reference
    __sigvec_lookup                           - Undefined Weak Reference
    _atexit_init                              - Undefined Weak Reference
    _call_atexit_fns                          - Undefined Weak Reference
    _clock_init                               - Undefined Weak Reference
    _fp_trap_init                             - Undefined Weak Reference
    _fp_trap_shutdown                         - Undefined Weak Reference
    _get_lc_collate                           - Undefined Weak Reference
    _get_lc_monetary                          - Undefined Weak Reference
    _get_lc_time                              - Undefined Weak Reference
    _getenv_init                              - Undefined Weak Reference
    _handle_redirection                       - Undefined Weak Reference
    _init_alloc                               - Undefined Weak Reference
    _init_user_alloc                          - Undefined Weak Reference
    _initio                                   - Undefined Weak Reference
    _printf_fp_hex                            - Undefined Weak Reference
    _printf_mbtowc                            - Undefined Weak Reference
    _printf_wc                                - Undefined Weak Reference
    _rand_init                                - Undefined Weak Reference
    _signal_finish                            - Undefined Weak Reference
    _signal_init                              - Undefined Weak Reference
    _terminate_alloc                          - Undefined Weak Reference
    _terminate_user_alloc                     - Undefined Weak Reference
    _terminateio                              - Undefined Weak Reference
    __Vectors_Size                           0x00000188   Number         0  startup_stm32f4xx.o ABSOLUTE
    __Vectors                                0x08000000   Data           4  startup_stm32f4xx.o(RESET)
    __Vectors_End                            0x08000188   Data           0  startup_stm32f4xx.o(RESET)
    __main                                   0x08000189   Thumb Code     8  __main.o(!!!main)
    __scatterload                            0x08000191   Thumb Code     0  __scatter.o(!!!scatter)
    __scatterload_rt2                        0x08000191   Thumb Code    44  __scatter.o(!!!scatter)
    __scatterload_rt2_thumb_only             0x08000191   Thumb Code     0  __scatter.o(!!!scatter)
    __scatterload_null                       0x0800019f   Thumb Code     0  __scatter.o(!!!scatter)
    __scatterload_copy                       0x080001c5   Thumb Code    26  __scatter_copy.o(!!handler_copy)
    __scatterload_zeroinit                   0x080001e1   Thumb Code    28  __scatter_zi.o(!!handler_zi)
    _printf_n                                0x080001fd   Thumb Code     0  _printf_n.o(.ARM.Collect$$_printf_percent$$00000001)
    _printf_percent                          0x080001fd   Thumb Code     0  _printf_percent.o(.ARM.Collect$$_printf_percent$$00000000)
    _printf_p                                0x08000203   Thumb Code     0  _printf_p.o(.ARM.Collect$$_printf_percent$$00000002)
    _printf_f                                0x08000209   Thumb Code     0  _printf_f.o(.ARM.Collect$$_printf_percent$$00000003)
    _printf_e                                0x0800020f   Thumb Code     0  _printf_e.o(.ARM.Collect$$_printf_percent$$00000004)
    _printf_g                                0x08000215   Thumb Code     0  _printf_g.o(.ARM.Collect$$_printf_percent$$00000005)
    _printf_a                                0x0800021b   Thumb Code     0  _printf_a.o(.ARM.Collect$$_printf_percent$$00000006)
    _printf_ll                               0x08000221   Thumb Code     0  _printf_ll.o(.ARM.Collect$$_printf_percent$$00000007)
    _printf_i                                0x0800022b   Thumb Code     0  _printf_i.o(.ARM.Collect$$_printf_percent$$00000008)
    _printf_d                                0x08000231   Thumb Code     0  _printf_d.o(.ARM.Collect$$_printf_percent$$00000009)
    _printf_u                                0x08000237   Thumb Code     0  _printf_u.o(.ARM.Collect$$_printf_percent$$0000000A)
    _printf_o                                0x0800023d   Thumb Code     0  _printf_o.o(.ARM.Collect$$_printf_percent$$0000000B)
    _printf_x                                0x08000243   Thumb Code     0  _printf_x.o(.ARM.Collect$$_printf_percent$$0000000C)
    _printf_lli                              0x08000249   Thumb Code     0  _printf_lli.o(.ARM.Collect$$_printf_percent$$0000000D)
    _printf_lld                              0x0800024f   Thumb Code     0  _printf_lld.o(.ARM.Collect$$_printf_percent$$0000000E)
    _printf_llu                              0x08000255   Thumb Code     0  _printf_llu.o(.ARM.Collect$$_printf_percent$$0000000F)
    _printf_llo                              0x0800025b   Thumb Code     0  _printf_llo.o(.ARM.Collect$$_printf_percent$$00000010)
    _printf_llx                              0x08000261   Thumb Code     0  _printf_llx.o(.ARM.Collect$$_printf_percent$$00000011)
    _printf_l                                0x08000267   Thumb Code     0  _printf_l.o(.ARM.Collect$$_printf_percent$$00000012)
    _printf_c                                0x08000271   Thumb Code     0  _printf_c.o(.ARM.Collect$$_printf_percent$$00000013)
    _printf_s                                0x08000277   Thumb Code     0  _printf_s.o(.ARM.Collect$$_printf_percent$$00000014)
    _printf_lc                               0x0800027d   Thumb Code     0  _printf_lc.o(.ARM.Collect$$_printf_percent$$00000015)
    _printf_ls                               0x08000283   Thumb Code     0  _printf_ls.o(.ARM.Collect$$_printf_percent$$00000016)
    _printf_percent_end                      0x08000289   Thumb Code     0  _printf_percent_end.o(.ARM.Collect$$_printf_percent$$00000017)
    __rt_lib_init                            0x0800028d   Thumb Code     0  libinit.o(.ARM.Collect$$libinit$$00000000)
    __rt_lib_init_fp_1                       0x0800028f   Thumb Code     0  libinit2.o(.ARM.Collect$$libinit$$00000001)
    __rt_lib_init_heap_1                     0x08000293   Thumb Code     0  libinit2.o(.ARM.Collect$$libinit$$00000008)
    __rt_lib_init_lc_common                  0x08000293   Thumb Code     0  libinit2.o(.ARM.Collect$$libinit$$0000000D)
    __rt_lib_init_rand_1                     0x08000293   Thumb Code     0  libinit2.o(.ARM.Collect$$libinit$$0000000C)
    __rt_lib_init_user_alloc_1               0x08000293   Thumb Code     0  libinit2.o(.ARM.Collect$$libinit$$0000000A)
    __rt_lib_init_lc_collate_1               0x08000299   Thumb Code     0  libinit2.o(.ARM.Collect$$libinit$$0000000F)
    __rt_lib_init_lc_ctype_2                 0x08000299   Thumb Code     0  libinit2.o(.ARM.Collect$$libinit$$00000010)
    __rt_lib_init_lc_ctype_1                 0x080002a5   Thumb Code     0  libinit2.o(.ARM.Collect$$libinit$$00000011)
    __rt_lib_init_lc_monetary_1              0x080002a5   Thumb Code     0  libinit2.o(.ARM.Collect$$libinit$$00000013)
    __rt_lib_init_lc_numeric_2               0x080002a5   Thumb Code     0  libinit2.o(.ARM.Collect$$libinit$$00000014)
    __rt_lib_init_alloca_1                   0x080002af   Thumb Code     0  libinit2.o(.ARM.Collect$$libinit$$0000002C)
    __rt_lib_init_argv_1                     0x080002af   Thumb Code     0  libinit2.o(.ARM.Collect$$libinit$$0000002A)
    __rt_lib_init_atexit_1                   0x080002af   Thumb Code     0  libinit2.o(.ARM.Collect$$libinit$$00000019)
    __rt_lib_init_clock_1                    0x080002af   Thumb Code     0  libinit2.o(.ARM.Collect$$libinit$$0000001F)
    __rt_lib_init_cpp_1                      0x080002af   Thumb Code     0  libinit2.o(.ARM.Collect$$libinit$$00000030)
    __rt_lib_init_exceptions_1               0x080002af   Thumb Code     0  libinit2.o(.ARM.Collect$$libinit$$0000002E)
    __rt_lib_init_fp_trap_1                  0x080002af   Thumb Code     0  libinit2.o(.ARM.Collect$$libinit$$0000001D)
    __rt_lib_init_getenv_1                   0x080002af   Thumb Code     0  libinit2.o(.ARM.Collect$$libinit$$00000021)
    __rt_lib_init_lc_numeric_1               0x080002af   Thumb Code     0  libinit2.o(.ARM.Collect$$libinit$$00000015)
    __rt_lib_init_lc_time_1                  0x080002af   Thumb Code     0  libinit2.o(.ARM.Collect$$libinit$$00000017)
    __rt_lib_init_return                     0x080002af   Thumb Code     0  libinit2.o(.ARM.Collect$$libinit$$00000031)
    __rt_lib_init_signal_1                   0x080002af   Thumb Code     0  libinit2.o(.ARM.Collect$$libinit$$0000001B)
    __rt_lib_init_stdio_1                    0x080002af   Thumb Code     0  libinit2.o(.ARM.Collect$$libinit$$00000023)
    __rt_lib_shutdown                        0x080002b1   Thumb Code     0  libshutdown.o(.ARM.Collect$$libshutdown$$00000000)
    __rt_lib_shutdown_fp_trap_1              0x080002b3   Thumb Code     0  libshutdown2.o(.ARM.Collect$$libshutdown$$00000006)
    __rt_lib_shutdown_heap_1                 0x080002b3   Thumb Code     0  libshutdown2.o(.ARM.Collect$$libshutdown$$0000000E)
    __rt_lib_shutdown_return                 0x080002b3   Thumb Code     0  libshutdown2.o(.ARM.Collect$$libshutdown$$0000000F)
    __rt_lib_shutdown_signal_1               0x080002b3   Thumb Code     0  libshutdown2.o(.ARM.Collect$$libshutdown$$00000009)
    __rt_lib_shutdown_stdio_1                0x080002b3   Thumb Code     0  libshutdown2.o(.ARM.Collect$$libshutdown$$00000003)
    __rt_lib_shutdown_user_alloc_1           0x080002b3   Thumb Code     0  libshutdown2.o(.ARM.Collect$$libshutdown$$0000000B)
    __rt_entry                               0x080002b5   Thumb Code     0  rtentry.o(.ARM.Collect$$rtentry$$00000000)
    __rt_entry_presh_1                       0x080002b5   Thumb Code     0  rtentry2.o(.ARM.Collect$$rtentry$$00000002)
    __rt_entry_sh                            0x080002b5   Thumb Code     0  rtentry4.o(.ARM.Collect$$rtentry$$00000004)
    __rt_entry_li                            0x080002bb   Thumb Code     0  rtentry2.o(.ARM.Collect$$rtentry$$0000000A)
    __rt_entry_postsh_1                      0x080002bb   Thumb Code     0  rtentry2.o(.ARM.Collect$$rtentry$$00000009)
    __rt_entry_main                          0x080002bf   Thumb Code     0  rtentry2.o(.ARM.Collect$$rtentry$$0000000D)
    __rt_entry_postli_1                      0x080002bf   Thumb Code     0  rtentry2.o(.ARM.Collect$$rtentry$$0000000C)
    __rt_exit                                0x080002c7   Thumb Code     0  rtexit.o(.ARM.Collect$$rtexit$$00000000)
    __rt_exit_ls                             0x080002c9   Thumb Code     0  rtexit2.o(.ARM.Collect$$rtexit$$00000003)
    __rt_exit_prels_1                        0x080002c9   Thumb Code     0  rtexit2.o(.ARM.Collect$$rtexit$$00000002)
    __rt_exit_exit                           0x080002cd   Thumb Code     0  rtexit2.o(.ARM.Collect$$rtexit$$00000004)
    SystemInit                               0x080003af   Thumb Code    88  system_stm32f4xx.o(.text)
    SystemCoreClockUpdate                    0x08000407   Thumb Code   174  system_stm32f4xx.o(.text)
    Reset_Handler                            0x080004e1   Thumb Code     8  startup_stm32f4xx.o(.text)
    ADC_IRQHandler                           0x080004fb   Thumb Code     0  startup_stm32f4xx.o(.text)
    CAN1_RX0_IRQHandler                      0x080004fb   Thumb Code     0  startup_stm32f4xx.o(.text)
    CAN1_RX1_IRQHandler                      0x080004fb   Thumb Code     0  startup_stm32f4xx.o(.text)
    CAN1_SCE_IRQHandler                      0x080004fb   Thumb Code     0  startup_stm32f4xx.o(.text)
    CAN1_TX_IRQHandler                       0x080004fb   Thumb Code     0  startup_stm32f4xx.o(.text)
    CAN2_RX0_IRQHandler                      0x080004fb   Thumb Code     0  startup_stm32f4xx.o(.text)
    CAN2_RX1_IRQHandler                      0x080004fb   Thumb Code     0  startup_stm32f4xx.o(.text)
    CAN2_SCE_IRQHandler                      0x080004fb   Thumb Code     0  startup_stm32f4xx.o(.text)
    CAN2_TX_IRQHandler                       0x080004fb   Thumb Code     0  startup_stm32f4xx.o(.text)
    CRYP_IRQHandler                          0x080004fb   Thumb Code     0  startup_stm32f4xx.o(.text)
    DCMI_IRQHandler                          0x080004fb   Thumb Code     0  startup_stm32f4xx.o(.text)
    DMA1_Stream0_IRQHandler                  0x080004fb   Thumb Code     0  startup_stm32f4xx.o(.text)
    DMA1_Stream1_IRQHandler                  0x080004fb   Thumb Code     0  startup_stm32f4xx.o(.text)
    DMA1_Stream2_IRQHandler                  0x080004fb   Thumb Code     0  startup_stm32f4xx.o(.text)
    DMA1_Stream3_IRQHandler                  0x080004fb   Thumb Code     0  startup_stm32f4xx.o(.text)
    DMA1_Stream4_IRQHandler                  0x080004fb   Thumb Code     0  startup_stm32f4xx.o(.text)
    DMA1_Stream5_IRQHandler                  0x080004fb   Thumb Code     0  startup_stm32f4xx.o(.text)
    DMA1_Stream6_IRQHandler                  0x080004fb   Thumb Code     0  startup_stm32f4xx.o(.text)
    DMA1_Stream7_IRQHandler                  0x080004fb   Thumb Code     0  startup_stm32f4xx.o(.text)
    DMA2_Stream0_IRQHandler                  0x080004fb   Thumb Code     0  startup_stm32f4xx.o(.text)
    DMA2_Stream1_IRQHandler                  0x080004fb   Thumb Code     0  startup_stm32f4xx.o(.text)
    DMA2_Stream2_IRQHandler                  0x080004fb   Thumb Code     0  startup_stm32f4xx.o(.text)
    DMA2_Stream3_IRQHandler                  0x080004fb   Thumb Code     0  startup_stm32f4xx.o(.text)
    DMA2_Stream4_IRQHandler                  0x080004fb   Thumb Code     0  startup_stm32f4xx.o(.text)
    DMA2_Stream5_IRQHandler                  0x080004fb   Thumb Code     0  startup_stm32f4xx.o(.text)
    DMA2_Stream6_IRQHandler                  0x080004fb   Thumb Code     0  startup_stm32f4xx.o(.text)
    DMA2_Stream7_IRQHandler                  0x080004fb   Thumb Code     0  startup_stm32f4xx.o(.text)
    ETH_IRQHandler                           0x080004fb   Thumb Code     0  startup_stm32f4xx.o(.text)
    ETH_WKUP_IRQHandler                      0x080004fb   Thumb Code     0  startup_stm32f4xx.o(.text)
    EXTI0_IRQHandler                         0x080004fb   Thumb Code     0  startup_stm32f4xx.o(.text)
    EXTI15_10_IRQHandler                     0x080004fb   Thumb Code     0  startup_stm32f4xx.o(.text)
    EXTI1_IRQHandler                         0x080004fb   Thumb Code     0  startup_stm32f4xx.o(.text)
    EXTI2_IRQHandler                         0x080004fb   Thumb Code     0  startup_stm32f4xx.o(.text)
    EXTI3_IRQHandler                         0x080004fb   Thumb Code     0  startup_stm32f4xx.o(.text)
    EXTI4_IRQHandler                         0x080004fb   Thumb Code     0  startup_stm32f4xx.o(.text)
    EXTI9_5_IRQHandler                       0x080004fb   Thumb Code     0  startup_stm32f4xx.o(.text)
    FLASH_IRQHandler                         0x080004fb   Thumb Code     0  startup_stm32f4xx.o(.text)
    FPU_IRQHandler                           0x080004fb   Thumb Code     0  startup_stm32f4xx.o(.text)
    FSMC_IRQHandler                          0x080004fb   Thumb Code     0  startup_stm32f4xx.o(.text)
    HASH_RNG_IRQHandler                      0x080004fb   Thumb Code     0  startup_stm32f4xx.o(.text)
    I2C1_ER_IRQHandler                       0x080004fb   Thumb Code     0  startup_stm32f4xx.o(.text)
    I2C1_EV_IRQHandler                       0x080004fb   Thumb Code     0  startup_stm32f4xx.o(.text)
    I2C2_ER_IRQHandler                       0x080004fb   Thumb Code     0  startup_stm32f4xx.o(.text)
    I2C2_EV_IRQHandler                       0x080004fb   Thumb Code     0  startup_stm32f4xx.o(.text)
    I2C3_ER_IRQHandler                       0x080004fb   Thumb Code     0  startup_stm32f4xx.o(.text)
    I2C3_EV_IRQHandler                       0x080004fb   Thumb Code     0  startup_stm32f4xx.o(.text)
    OTG_FS_IRQHandler                        0x080004fb   Thumb Code     0  startup_stm32f4xx.o(.text)
    OTG_FS_WKUP_IRQHandler                   0x080004fb   Thumb Code     0  startup_stm32f4xx.o(.text)
    OTG_HS_EP1_IN_IRQHandler                 0x080004fb   Thumb Code     0  startup_stm32f4xx.o(.text)
    OTG_HS_EP1_OUT_IRQHandler                0x080004fb   Thumb Code     0  startup_stm32f4xx.o(.text)
    OTG_HS_IRQHandler                        0x080004fb   Thumb Code     0  startup_stm32f4xx.o(.text)
    OTG_HS_WKUP_IRQHandler                   0x080004fb   Thumb Code     0  startup_stm32f4xx.o(.text)
    PVD_IRQHandler                           0x080004fb   Thumb Code     0  startup_stm32f4xx.o(.text)
    RCC_IRQHandler                           0x080004fb   Thumb Code     0  startup_stm32f4xx.o(.text)
    RTC_Alarm_IRQHandler                     0x080004fb   Thumb Code     0  startup_stm32f4xx.o(.text)
    RTC_WKUP_IRQHandler                      0x080004fb   Thumb Code     0  startup_stm32f4xx.o(.text)
    SDIO_IRQHandler                          0x080004fb   Thumb Code     0  startup_stm32f4xx.o(.text)
    SPI1_IRQHandler                          0x080004fb   Thumb Code     0  startup_stm32f4xx.o(.text)
    SPI2_IRQHandler                          0x080004fb   Thumb Code     0  startup_stm32f4xx.o(.text)
    SPI3_IRQHandler                          0x080004fb   Thumb Code     0  startup_stm32f4xx.o(.text)
    TAMP_STAMP_IRQHandler                    0x080004fb   Thumb Code     0  startup_stm32f4xx.o(.text)
    TIM7_IRQHandler                          0x080004fb   Thumb Code     0  startup_stm32f4xx.o(.text)
    UART4_IRQHandler                         0x080004fb   Thumb Code     0  startup_stm32f4xx.o(.text)
    UART5_IRQHandler                         0x080004fb   Thumb Code     0  startup_stm32f4xx.o(.text)
    USART2_IRQHandler                        0x080004fb   Thumb Code     0  startup_stm32f4xx.o(.text)
    USART3_IRQHandler                        0x080004fb   Thumb Code     0  startup_stm32f4xx.o(.text)
    USART6_IRQHandler                        0x080004fb   Thumb Code     0  startup_stm32f4xx.o(.text)
    WWDG_IRQHandler                          0x080004fb   Thumb Code     0  startup_stm32f4xx.o(.text)
    __user_initial_stackheap                 0x080004fd   Thumb Code     0  startup_stm32f4xx.o(.text)
    main                                     0x08000521   Thumb Code    60  main.o(.text)
    NMI_Handler                              0x08000599   Thumb Code     2  stm32f4xx_it.o(.text)
    HardFault_Handler                        0x0800059b   Thumb Code     4  stm32f4xx_it.o(.text)
    MemManage_Handler                        0x0800059f   Thumb Code     4  stm32f4xx_it.o(.text)
    BusFault_Handler                         0x080005a3   Thumb Code     4  stm32f4xx_it.o(.text)
    UsageFault_Handler                       0x080005a7   Thumb Code     4  stm32f4xx_it.o(.text)
    SVC_Handler                              0x080005ab   Thumb Code     2  stm32f4xx_it.o(.text)
    DebugMon_Handler                         0x080005ad   Thumb Code     2  stm32f4xx_it.o(.text)
    PendSV_Handler                           0x080005af   Thumb Code     2  stm32f4xx_it.o(.text)
    SysTick_Handler                          0x080005b1   Thumb Code     2  stm32f4xx_it.o(.text)
    USART1_IRQHandler                        0x080005b3   Thumb Code   154  stm32f4xx_it.o(.text)
    TIM1_CC_IRQHandler                       0x0800064d   Thumb Code    10  stm32f4xx_it.o(.text)
    TIM2_IRQHandler                          0x08000657   Thumb Code    10  stm32f4xx_it.o(.text)
    TIM3_IRQHandler                          0x08000661   Thumb Code    10  stm32f4xx_it.o(.text)
    TIM4_IRQHandler                          0x0800066b   Thumb Code    10  stm32f4xx_it.o(.text)
    TIM5_IRQHandler                          0x08000675   Thumb Code    10  stm32f4xx_it.o(.text)
    TIM6_DAC_IRQHandler                      0x0800067f   Thumb Code     8  stm32f4xx_it.o(.text)
    TIM8_CC_IRQHandler                       0x08000687   Thumb Code    10  stm32f4xx_it.o(.text)
    TIM1_BRK_TIM9_IRQHandler                 0x08000691   Thumb Code    10  stm32f4xx_it.o(.text)
    TIM1_UP_TIM10_IRQHandler                 0x0800069b   Thumb Code    10  stm32f4xx_it.o(.text)
    TIM1_TRG_COM_TIM11_IRQHandler            0x080006a5   Thumb Code    10  stm32f4xx_it.o(.text)
    TIM8_BRK_TIM12_IRQHandler                0x080006af   Thumb Code    10  stm32f4xx_it.o(.text)
    TIM8_UP_TIM13_IRQHandler                 0x080006b9   Thumb Code    10  stm32f4xx_it.o(.text)
    TIM8_TRG_COM_TIM14_IRQHandler            0x080006c3   Thumb Code    10  stm32f4xx_it.o(.text)
    debug_showbuf                            0x080006dd   Thumb Code    32  msg_handler.o(.text)
    cmd_process                              0x080006fd   Thumb Code   552  msg_handler.o(.text)
    msg_receive                              0x08000925   Thumb Code    70  msg_handler.o(.text)
    msg_dmarx                                0x0800096b   Thumb Code    38  msg_handler.o(.text)
    Motor_paraset                            0x08000a85   Thumb Code  1510  motor.o(.text)
    Motor_ReportREAD0                        0x0800106b   Thumb Code    62  motor.o(.text)
    Motor_ReadREAD0                          0x080010a9   Thumb Code    46  motor.o(.text)
    Motor_ReportBit                          0x080010d7   Thumb Code    76  motor.o(.text)
    Motor_ReadSTOP1                          0x08001123   Thumb Code    36  motor.o(.text)
    Motor_ReadSTOP0                          0x08001147   Thumb Code    36  motor.o(.text)
    Motor_ReadLMTN                           0x0800116b   Thumb Code    36  motor.o(.text)
    Motor_ReadLMTP                           0x0800118f   Thumb Code    36  motor.o(.text)
    Motor_Init                               0x080011b3   Thumb Code   508  motor.o(.text)
    Motor_set_setpNum                        0x080013af   Thumb Code    32  motor.o(.text)
    Motor_set_clockwise                      0x080013cf   Thumb Code    64  motor.o(.text)
    Motor_setFrequency                       0x0800140f   Thumb Code    44  motor.o(.text)
    Motor_Run                                0x0800143b   Thumb Code    48  motor.o(.text)
    Motor_Stop                               0x0800146b   Thumb Code    48  motor.o(.text)
    Motor_ScanLmtBit                         0x0800149b   Thumb Code   184  motor.o(.text)
    Motor_ScanREAD0Bit_test                  0x08001553   Thumb Code    90  motor.o(.text)
    Motor_ScanLmtBit_test                    0x080015ad   Thumb Code   260  motor.o(.text)
    Motor_timid2motorid                      0x080016b1   Thumb Code    40  motor.o(.text)
    Relay_setbit                             0x08001741   Thumb Code    30  relay.o(.text)
    Relay_Init                               0x0800175f   Thumb Code    40  relay.o(.text)
    Relay_resetbit                           0x08001787   Thumb Code    30  relay.o(.text)
    Relay_writebit                           0x080017a5   Thumb Code    56  relay.o(.text)
    NVIC_PriorityGroupConfig                 0x080017e1   Thumb Code    10  misc.o(.text)
    NVIC_Init                                0x080017eb   Thumb Code   108  misc.o(.text)
    NVIC_SetVectorTable                      0x08001857   Thumb Code    14  misc.o(.text)
    NVIC_SystemLPConfig                      0x08001865   Thumb Code    34  misc.o(.text)
    SysTick_CLKSourceConfig                  0x08001887   Thumb Code    40  misc.o(.text)
    GPIO_DeInit                              0x080018c5   Thumb Code   220  stm32f4xx_gpio.o(.text)
    GPIO_Init                                0x080019a1   Thumb Code   144  stm32f4xx_gpio.o(.text)
    GPIO_StructInit                          0x08001a31   Thumb Code    18  stm32f4xx_gpio.o(.text)
    GPIO_PinLockConfig                       0x08001a43   Thumb Code    34  stm32f4xx_gpio.o(.text)
    GPIO_ReadInputDataBit                    0x08001a65   Thumb Code    18  stm32f4xx_gpio.o(.text)
    GPIO_ReadInputData                       0x08001a77   Thumb Code     8  stm32f4xx_gpio.o(.text)
    GPIO_ReadOutputDataBit                   0x08001a7f   Thumb Code    18  stm32f4xx_gpio.o(.text)
    GPIO_ReadOutputData                      0x08001a91   Thumb Code     8  stm32f4xx_gpio.o(.text)
    GPIO_SetBits                             0x08001a99   Thumb Code     4  stm32f4xx_gpio.o(.text)
    GPIO_ResetBits                           0x08001a9d   Thumb Code     4  stm32f4xx_gpio.o(.text)
    GPIO_WriteBit                            0x08001aa1   Thumb Code    10  stm32f4xx_gpio.o(.text)
    GPIO_Write                               0x08001aab   Thumb Code     4  stm32f4xx_gpio.o(.text)
    GPIO_ToggleBits                          0x08001aaf   Thumb Code     8  stm32f4xx_gpio.o(.text)
    GPIO_PinAFConfig                         0x08001ab7   Thumb Code    70  stm32f4xx_gpio.o(.text)
    RCC_DeInit                               0x08001b21   Thumb Code    60  stm32f4xx_rcc.o(.text)
    RCC_HSEConfig                            0x08001b5d   Thumb Code    14  stm32f4xx_rcc.o(.text)
    RCC_GetFlagStatus                        0x08001b6b   Thumb Code    60  stm32f4xx_rcc.o(.text)
    RCC_WaitForHSEStartUp                    0x08001ba7   Thumb Code    56  stm32f4xx_rcc.o(.text)
    RCC_AdjustHSICalibrationValue            0x08001bdf   Thumb Code    20  stm32f4xx_rcc.o(.text)
    RCC_HSICmd                               0x08001bf3   Thumb Code     6  stm32f4xx_rcc.o(.text)
    RCC_LSEConfig                            0x08001bf9   Thumb Code    46  stm32f4xx_rcc.o(.text)
    RCC_LSICmd                               0x08001c27   Thumb Code     6  stm32f4xx_rcc.o(.text)
    RCC_PLLConfig                            0x08001c2d   Thumb Code    32  stm32f4xx_rcc.o(.text)
    RCC_PLLCmd                               0x08001c4d   Thumb Code     6  stm32f4xx_rcc.o(.text)
    RCC_PLLI2SConfig                         0x08001c53   Thumb Code    14  stm32f4xx_rcc.o(.text)
    RCC_PLLI2SCmd                            0x08001c61   Thumb Code     6  stm32f4xx_rcc.o(.text)
    RCC_ClockSecuritySystemCmd               0x08001c67   Thumb Code     6  stm32f4xx_rcc.o(.text)
    RCC_MCO1Config                           0x08001c6d   Thumb Code    28  stm32f4xx_rcc.o(.text)
    RCC_MCO2Config                           0x08001c89   Thumb Code    28  stm32f4xx_rcc.o(.text)
    RCC_SYSCLKConfig                         0x08001ca5   Thumb Code    20  stm32f4xx_rcc.o(.text)
    RCC_GetSYSCLKSource                      0x08001cb9   Thumb Code    12  stm32f4xx_rcc.o(.text)
    RCC_HCLKConfig                           0x08001cc5   Thumb Code    20  stm32f4xx_rcc.o(.text)
    RCC_PCLK1Config                          0x08001cd9   Thumb Code    20  stm32f4xx_rcc.o(.text)
    RCC_PCLK2Config                          0x08001ced   Thumb Code    22  stm32f4xx_rcc.o(.text)
    RCC_GetClocksFreq                        0x08001d03   Thumb Code   222  stm32f4xx_rcc.o(.text)
    RCC_RTCCLKConfig                         0x08001de1   Thumb Code    54  stm32f4xx_rcc.o(.text)
    RCC_RTCCLKCmd                            0x08001e17   Thumb Code     8  stm32f4xx_rcc.o(.text)
    RCC_BackupResetCmd                       0x08001e1f   Thumb Code     8  stm32f4xx_rcc.o(.text)
    RCC_I2SCLKConfig                         0x08001e27   Thumb Code     6  stm32f4xx_rcc.o(.text)
    RCC_AHB1PeriphClockCmd                   0x08001e2d   Thumb Code    34  stm32f4xx_rcc.o(.text)
    RCC_AHB2PeriphClockCmd                   0x08001e4f   Thumb Code    34  stm32f4xx_rcc.o(.text)
    RCC_AHB3PeriphClockCmd                   0x08001e71   Thumb Code    34  stm32f4xx_rcc.o(.text)
    RCC_APB1PeriphClockCmd                   0x08001e93   Thumb Code    34  stm32f4xx_rcc.o(.text)
    RCC_APB2PeriphClockCmd                   0x08001eb5   Thumb Code    34  stm32f4xx_rcc.o(.text)
    RCC_AHB1PeriphResetCmd                   0x08001ed7   Thumb Code    34  stm32f4xx_rcc.o(.text)
    RCC_AHB2PeriphResetCmd                   0x08001ef9   Thumb Code    72  stm32f4xx_rcc.o(.text)
    RCC_AHB3PeriphResetCmd                   0x08001f41   Thumb Code    34  stm32f4xx_rcc.o(.text)
    RCC_APB1PeriphResetCmd                   0x08001f63   Thumb Code    34  stm32f4xx_rcc.o(.text)
    RCC_APB2PeriphResetCmd                   0x08001f85   Thumb Code    34  stm32f4xx_rcc.o(.text)
    RCC_AHB1PeriphClockLPModeCmd             0x08001fa7   Thumb Code    34  stm32f4xx_rcc.o(.text)
    RCC_AHB2PeriphClockLPModeCmd             0x08001fc9   Thumb Code    34  stm32f4xx_rcc.o(.text)
    RCC_AHB3PeriphClockLPModeCmd             0x08001feb   Thumb Code    34  stm32f4xx_rcc.o(.text)
    RCC_APB1PeriphClockLPModeCmd             0x0800200d   Thumb Code    34  stm32f4xx_rcc.o(.text)
    RCC_APB2PeriphClockLPModeCmd             0x0800202f   Thumb Code    34  stm32f4xx_rcc.o(.text)
    RCC_ITConfig                             0x08002051   Thumb Code    34  stm32f4xx_rcc.o(.text)
    RCC_ClearFlag                            0x08002073   Thumb Code    18  stm32f4xx_rcc.o(.text)
    RCC_GetITStatus                          0x08002085   Thumb Code    22  stm32f4xx_rcc.o(.text)
    RCC_ClearITPendingBit                    0x0800209b   Thumb Code     8  stm32f4xx_rcc.o(.text)
    TIM_DeInit                               0x080020a9   Thumb Code   346  stm32f4xx_tim.o(.text)
    TIM_TimeBaseInit                         0x08002203   Thumb Code   104  stm32f4xx_tim.o(.text)
    TIM_TimeBaseStructInit                   0x0800226b   Thumb Code    18  stm32f4xx_tim.o(.text)
    TIM_PrescalerConfig                      0x0800227d   Thumb Code     6  stm32f4xx_tim.o(.text)
    TIM_CounterModeConfig                    0x08002283   Thumb Code    18  stm32f4xx_tim.o(.text)
    TIM_SetCounter                           0x08002295   Thumb Code     4  stm32f4xx_tim.o(.text)
    TIM_SetAutoreload                        0x08002299   Thumb Code     4  stm32f4xx_tim.o(.text)
    TIM_GetCounter                           0x0800229d   Thumb Code     6  stm32f4xx_tim.o(.text)
    TIM_GetPrescaler                         0x080022a3   Thumb Code     6  stm32f4xx_tim.o(.text)
    TIM_UpdateDisableConfig                  0x080022a9   Thumb Code    24  stm32f4xx_tim.o(.text)
    TIM_UpdateRequestConfig                  0x080022c1   Thumb Code    24  stm32f4xx_tim.o(.text)
    TIM_ARRPreloadConfig                     0x080022d9   Thumb Code    24  stm32f4xx_tim.o(.text)
    TIM_SelectOnePulseMode                   0x080022f1   Thumb Code    18  stm32f4xx_tim.o(.text)
    TIM_SetClockDivision                     0x08002303   Thumb Code    18  stm32f4xx_tim.o(.text)
    TIM_Cmd                                  0x08002315   Thumb Code    24  stm32f4xx_tim.o(.text)
    TIM_OC1Init                              0x0800232d   Thumb Code   114  stm32f4xx_tim.o(.text)
    TIM_OC2Init                              0x0800239f   Thumb Code   154  stm32f4xx_tim.o(.text)
    TIM_OC3Init                              0x08002439   Thumb Code   204  stm32f4xx_tim.o(.text)
    TIM_OC4Init                              0x08002505   Thumb Code   112  stm32f4xx_tim.o(.text)
    TIM_OCStructInit                         0x08002575   Thumb Code    20  stm32f4xx_tim.o(.text)
    TIM_SelectOCxM                           0x08002589   Thumb Code    86  stm32f4xx_tim.o(.text)
    TIM_SetCompare1                          0x080025df   Thumb Code     4  stm32f4xx_tim.o(.text)
    TIM_SetCompare2                          0x080025e3   Thumb Code     4  stm32f4xx_tim.o(.text)
    TIM_SetCompare3                          0x080025e7   Thumb Code     4  stm32f4xx_tim.o(.text)
    TIM_SetCompare4                          0x080025eb   Thumb Code     4  stm32f4xx_tim.o(.text)
    TIM_ForcedOC1Config                      0x080025ef   Thumb Code    18  stm32f4xx_tim.o(.text)
    TIM_ForcedOC2Config                      0x08002601   Thumb Code    26  stm32f4xx_tim.o(.text)
    TIM_ForcedOC3Config                      0x0800261b   Thumb Code    18  stm32f4xx_tim.o(.text)
    TIM_ForcedOC4Config                      0x0800262d   Thumb Code    26  stm32f4xx_tim.o(.text)
    TIM_OC1PreloadConfig                     0x08002647   Thumb Code    18  stm32f4xx_tim.o(.text)
    TIM_OC2PreloadConfig                     0x08002659   Thumb Code    26  stm32f4xx_tim.o(.text)
    TIM_OC3PreloadConfig                     0x08002673   Thumb Code    18  stm32f4xx_tim.o(.text)
    TIM_OC4PreloadConfig                     0x08002685   Thumb Code    26  stm32f4xx_tim.o(.text)
    TIM_OC1FastConfig                        0x0800269f   Thumb Code    18  stm32f4xx_tim.o(.text)
    TIM_OC2FastConfig                        0x080026b1   Thumb Code    26  stm32f4xx_tim.o(.text)
    TIM_OC3FastConfig                        0x080026cb   Thumb Code    18  stm32f4xx_tim.o(.text)
    TIM_OC4FastConfig                        0x080026dd   Thumb Code    26  stm32f4xx_tim.o(.text)
    TIM_ClearOC1Ref                          0x080026f7   Thumb Code    18  stm32f4xx_tim.o(.text)
    TIM_ClearOC2Ref                          0x08002709   Thumb Code    24  stm32f4xx_tim.o(.text)
    TIM_ClearOC3Ref                          0x08002721   Thumb Code    18  stm32f4xx_tim.o(.text)
    TIM_ClearOC4Ref                          0x08002733   Thumb Code    24  stm32f4xx_tim.o(.text)
    TIM_OC1PolarityConfig                    0x0800274b   Thumb Code    18  stm32f4xx_tim.o(.text)
    TIM_OC1NPolarityConfig                   0x0800275d   Thumb Code    18  stm32f4xx_tim.o(.text)
    TIM_OC2PolarityConfig                    0x0800276f   Thumb Code    26  stm32f4xx_tim.o(.text)
    TIM_OC2NPolarityConfig                   0x08002789   Thumb Code    26  stm32f4xx_tim.o(.text)
    TIM_OC3PolarityConfig                    0x080027a3   Thumb Code    26  stm32f4xx_tim.o(.text)
    TIM_OC3NPolarityConfig                   0x080027bd   Thumb Code    26  stm32f4xx_tim.o(.text)
    TIM_OC4PolarityConfig                    0x080027d7   Thumb Code    26  stm32f4xx_tim.o(.text)
    TIM_CCxCmd                               0x080027f1   Thumb Code    30  stm32f4xx_tim.o(.text)
    TIM_CCxNCmd                              0x0800280f   Thumb Code    30  stm32f4xx_tim.o(.text)
    TIM_SetIC4Prescaler                      0x0800282d   Thumb Code    26  stm32f4xx_tim.o(.text)
    TIM_SetIC3Prescaler                      0x08002897   Thumb Code    18  stm32f4xx_tim.o(.text)
    TIM_SetIC2Prescaler                      0x080028f1   Thumb Code    26  stm32f4xx_tim.o(.text)
    TIM_SetIC1Prescaler                      0x08002965   Thumb Code    18  stm32f4xx_tim.o(.text)
    TIM_ICInit                               0x080029b1   Thumb Code   110  stm32f4xx_tim.o(.text)
    TIM_ICStructInit                         0x08002a1f   Thumb Code    18  stm32f4xx_tim.o(.text)
    TIM_PWMIConfig                           0x08002a31   Thumb Code   124  stm32f4xx_tim.o(.text)
    TIM_GetCapture1                          0x08002aad   Thumb Code     6  stm32f4xx_tim.o(.text)
    TIM_GetCapture2                          0x08002ab3   Thumb Code     6  stm32f4xx_tim.o(.text)
    TIM_GetCapture3                          0x08002ab9   Thumb Code     6  stm32f4xx_tim.o(.text)
    TIM_GetCapture4                          0x08002abf   Thumb Code     6  stm32f4xx_tim.o(.text)
    TIM_BDTRConfig                           0x08002ac5   Thumb Code    32  stm32f4xx_tim.o(.text)
    TIM_BDTRStructInit                       0x08002ae5   Thumb Code    18  stm32f4xx_tim.o(.text)
    TIM_CtrlPWMOutputs                       0x08002af7   Thumb Code    30  stm32f4xx_tim.o(.text)
    TIM_SelectCOM                            0x08002b15   Thumb Code    24  stm32f4xx_tim.o(.text)
    TIM_CCPreloadControl                     0x08002b2d   Thumb Code    24  stm32f4xx_tim.o(.text)
    TIM_ITConfig                             0x08002b45   Thumb Code    18  stm32f4xx_tim.o(.text)
    TIM_GenerateEvent                        0x08002b57   Thumb Code     4  stm32f4xx_tim.o(.text)
    TIM_GetFlagStatus                        0x08002b5b   Thumb Code    18  stm32f4xx_tim.o(.text)
    TIM_ClearFlag                            0x08002b6d   Thumb Code     6  stm32f4xx_tim.o(.text)
    TIM_GetITStatus                          0x08002b73   Thumb Code    34  stm32f4xx_tim.o(.text)
    TIM_ClearITPendingBit                    0x08002b95   Thumb Code     6  stm32f4xx_tim.o(.text)
    TIM_DMAConfig                            0x08002b9b   Thumb Code    10  stm32f4xx_tim.o(.text)
    TIM_DMACmd                               0x08002ba5   Thumb Code    18  stm32f4xx_tim.o(.text)
    TIM_SelectCCDMA                          0x08002bb7   Thumb Code    24  stm32f4xx_tim.o(.text)
    TIM_InternalClockConfig                  0x08002bcf   Thumb Code    12  stm32f4xx_tim.o(.text)
    TIM_SelectInputTrigger                   0x08002bdb   Thumb Code    18  stm32f4xx_tim.o(.text)
    TIM_ITRxExternalClockConfig              0x08002bed   Thumb Code    24  stm32f4xx_tim.o(.text)
    TIM_TIxExternalClockConfig               0x08002c05   Thumb Code    62  stm32f4xx_tim.o(.text)
    TIM_ETRConfig                            0x08002c43   Thumb Code    28  stm32f4xx_tim.o(.text)
    TIM_ETRClockMode1Config                  0x08002c5f   Thumb Code    54  stm32f4xx_tim.o(.text)
    TIM_ETRClockMode2Config                  0x08002c95   Thumb Code    32  stm32f4xx_tim.o(.text)
    TIM_SelectOutputTrigger                  0x08002cb5   Thumb Code    18  stm32f4xx_tim.o(.text)
    TIM_SelectSlaveMode                      0x08002cc7   Thumb Code    18  stm32f4xx_tim.o(.text)
    TIM_SelectMasterSlaveMode                0x08002cd9   Thumb Code    18  stm32f4xx_tim.o(.text)
    TIM_EncoderInterfaceConfig               0x08002ceb   Thumb Code    66  stm32f4xx_tim.o(.text)
    TIM_SelectHallSensor                     0x08002d2d   Thumb Code    24  stm32f4xx_tim.o(.text)
    TIM_RemapConfig                          0x08002d45   Thumb Code     6  stm32f4xx_tim.o(.text)
    USART_DeInit                             0x08002d4d   Thumb Code   156  stm32f4xx_usart.o(.text)
    USART_Init                               0x08002de9   Thumb Code   204  stm32f4xx_usart.o(.text)
    USART_StructInit                         0x08002eb5   Thumb Code    24  stm32f4xx_usart.o(.text)
    USART_ClockInit                          0x08002ecd   Thumb Code    32  stm32f4xx_usart.o(.text)
    USART_ClockStructInit                    0x08002eed   Thumb Code    12  stm32f4xx_usart.o(.text)
    USART_Cmd                                0x08002ef9   Thumb Code    24  stm32f4xx_usart.o(.text)
    USART_SetPrescaler                       0x08002f11   Thumb Code    16  stm32f4xx_usart.o(.text)
    USART_OverSampling8Cmd                   0x08002f21   Thumb Code    22  stm32f4xx_usart.o(.text)
    USART_OneBitMethodCmd                    0x08002f37   Thumb Code    24  stm32f4xx_usart.o(.text)
    USART_SendData                           0x08002f4f   Thumb Code     8  stm32f4xx_usart.o(.text)
    USART_ReceiveData                        0x08002f57   Thumb Code    10  stm32f4xx_usart.o(.text)
    USART_SetAddress                         0x08002f61   Thumb Code    18  stm32f4xx_usart.o(.text)
    USART_ReceiverWakeUpCmd                  0x08002f73   Thumb Code    24  stm32f4xx_usart.o(.text)
    USART_WakeUpConfig                       0x08002f8b   Thumb Code    18  stm32f4xx_usart.o(.text)
    USART_LINBreakDetectLengthConfig         0x08002f9d   Thumb Code    18  stm32f4xx_usart.o(.text)
    USART_LINCmd                             0x08002faf   Thumb Code    24  stm32f4xx_usart.o(.text)
    USART_SendBreak                          0x08002fc7   Thumb Code    10  stm32f4xx_usart.o(.text)
    USART_HalfDuplexCmd                      0x08002fd1   Thumb Code    24  stm32f4xx_usart.o(.text)
    USART_SetGuardTime                       0x08002fe9   Thumb Code    16  stm32f4xx_usart.o(.text)
    USART_SmartCardCmd                       0x08002ff9   Thumb Code    24  stm32f4xx_usart.o(.text)
    USART_SmartCardNACKCmd                   0x08003011   Thumb Code    24  stm32f4xx_usart.o(.text)
    USART_IrDAConfig                         0x08003029   Thumb Code    18  stm32f4xx_usart.o(.text)
    USART_IrDACmd                            0x0800303b   Thumb Code    24  stm32f4xx_usart.o(.text)
    USART_DMACmd                             0x08003053   Thumb Code    18  stm32f4xx_usart.o(.text)
    USART_ITConfig                           0x08003065   Thumb Code    74  stm32f4xx_usart.o(.text)
    USART_GetFlagStatus                      0x080030af   Thumb Code    26  stm32f4xx_usart.o(.text)
    USART_ClearFlag                          0x080030c9   Thumb Code    18  stm32f4xx_usart.o(.text)
    USART_GetITStatus                        0x080030db   Thumb Code   110  stm32f4xx_usart.o(.text)
    USART_ClearITPendingBit                  0x08003149   Thumb Code    30  stm32f4xx_usart.o(.text)
    LEDGpio_Init                             0x08003169   Thumb Code   118  gpio.o(.text)
    Delay                                    0x080031df   Thumb Code    18  gpio.o(.text)
    LED1_Flashing                            0x080031f1   Thumb Code    36  gpio.o(.text)
    LED_Change                               0x08003215   Thumb Code    96  gpio.o(.text)
    LED_SetFlashing                          0x08003275   Thumb Code    38  gpio.o(.text)
    LED_Flashing                             0x0800329b   Thumb Code    40  gpio.o(.text)
    Gpio_Writebit                            0x080032c3   Thumb Code    18  gpio.o(.text)
    Gpio_ReadBit                             0x080032d5   Thumb Code    14  gpio.o(.text)
    Gpio_out_Init                            0x080032e3   Thumb Code    54  gpio.o(.text)
    Gpio_IN_Init                             0x08003319   Thumb Code    52  gpio.o(.text)
    TIM_ParaSet                              0x08003365   Thumb Code  1346  tim_pwm.o(.text)
    TIM_Config                               0x080038a7   Thumb Code   134  tim_pwm.o(.text)
    Timer_Init                               0x0800392d   Thumb Code   222  tim_pwm.o(.text)
    Timer_Run                                0x08003a0b   Thumb Code    70  tim_pwm.o(.text)
    Timer_Stop                               0x08003a51   Thumb Code    68  tim_pwm.o(.text)
    Timer_set_step_num                       0x08003a95   Thumb Code    18  tim_pwm.o(.text)
    Timer_set_Freq                           0x08003aa7   Thumb Code    20  tim_pwm.o(.text)
    TIM_UPDATE_ARR                           0x08003abb   Thumb Code   148  tim_pwm.o(.text)
    freshFrequency                           0x08003b4f   Thumb Code   164  tim_pwm.o(.text)
    TIM_IT_Handler                           0x08003bf3   Thumb Code   258  tim_pwm.o(.text)
    measure                                  0x08003cf5   Thumb Code    44  tim_pwm.o(.text)
    setFrequency                             0x08003d21   Thumb Code   188  tim_pwm.o(.text)
    USART_Configuration                      0x08003e21   Thumb Code   138  usart.o(.text)
    USART_NVIC_Config                        0x08003eab   Thumb Code    70  usart.o(.text)
    USART_RXNE_Init                          0x08003ef1   Thumb Code    12  usart.o(.text)
    USART1_Puts                              0x08003efd   Thumb Code    38  usart.o(.text)
    debug                                    0x08003f23   Thumb Code    50  usart.o(.text)
    MyTimer_Start                            0x08003f61   Thumb Code   124  mytimer.o(.text)
    MyTimer_IT_Handler                       0x08003fdd   Thumb Code    60  mytimer.o(.text)
    __c89vsprintf                            0x08004031   Thumb Code    32  c89vsprintf.o(.text)
    strtol                                   0x08004055   Thumb Code   112  strtol.o(.text)
    strtok                                   0x080040c5   Thumb Code     6  strtok.o(.text)
    __aeabi_memcpy4                          0x080040d1   Thumb Code     0  rt_memcpy_w.o(.text)
    __aeabi_memcpy8                          0x080040d1   Thumb Code     0  rt_memcpy_w.o(.text)
    __rt_memcpy_w                            0x080040d1   Thumb Code   100  rt_memcpy_w.o(.text)
    _memcpy_lastbytes_aligned                0x08004119   Thumb Code     0  rt_memcpy_w.o(.text)
    __aeabi_memclr                           0x08004135   Thumb Code     0  rt_memclr.o(.text)
    __rt_memclr                              0x08004135   Thumb Code    68  rt_memclr.o(.text)
    _memset                                  0x08004139   Thumb Code     0  rt_memclr.o(.text)
    __aeabi_memclr4                          0x08004179   Thumb Code     0  rt_memclr_w.o(.text)
    __aeabi_memclr8                          0x08004179   Thumb Code     0  rt_memclr_w.o(.text)
    __rt_memclr_w                            0x08004179   Thumb Code    78  rt_memclr_w.o(.text)
    _memset_w                                0x0800417d   Thumb Code     0  rt_memclr_w.o(.text)
    strcmp                                   0x080041c9   Thumb Code   128  strcmpv7m.o(.text)
    __use_two_region_memory                  0x08004249   Thumb Code     2  heapauxi.o(.text)
    __rt_heap_escrow$2region                 0x0800424b   Thumb Code     2  heapauxi.o(.text)
    __rt_heap_expand$2region                 0x0800424d   Thumb Code     2  heapauxi.o(.text)
    __rt_ctype_table                         0x08004251   Thumb Code    16  rt_ctype_table.o(.text)
    __aeabi_errno_addr                       0x08004261   Thumb Code     8  rt_errno_addr_intlibspace.o(.text)
    __errno$intlibspace                      0x08004261   Thumb Code     0  rt_errno_addr_intlibspace.o(.text)
    __rt_errno_addr$intlibspace              0x08004261   Thumb Code     0  rt_errno_addr_intlibspace.o(.text)
    _printf_pre_padding                      0x08004269   Thumb Code    46  _printf_pad.o(.text)
    _printf_post_padding                     0x08004297   Thumb Code    36  _printf_pad.o(.text)
    _printf_truncate_signed                  0x080042bb   Thumb Code    18  _printf_truncate.o(.text)
    _printf_truncate_unsigned                0x080042cd   Thumb Code    18  _printf_truncate.o(.text)
    _printf_str                              0x080042df   Thumb Code    82  _printf_str.o(.text)
    _printf_int_dec                          0x08004331   Thumb Code   102  _printf_dec.o(.text)
    _printf_charcount                        0x080043a9   Thumb Code    42  _printf_charcount.o(.text)
    _printf_char_common                      0x080043df   Thumb Code    32  _printf_char_common.o(.text)
    _sputc                                   0x08004405   Thumb Code    10  _sputc.o(.text)
    _printf_wctomb                           0x08004411   Thumb Code   182  _printf_wctomb.o(.text)
    _printf_longlong_dec                     0x080044cd   Thumb Code   104  _printf_longlong_dec.o(.text)
    _printf_longlong_oct                     0x08004545   Thumb Code    76  _printf_oct_int_ll.o(.text)
    _printf_int_oct                          0x08004591   Thumb Code    24  _printf_oct_int_ll.o(.text)
    _printf_ll_oct                           0x080045a9   Thumb Code    12  _printf_oct_int_ll.o(.text)
    _printf_longlong_hex                     0x080045bd   Thumb Code    92  _printf_hex_int_ll_ptr.o(.text)
    _printf_int_hex                          0x08004619   Thumb Code    28  _printf_hex_int_ll_ptr.o(.text)
    _printf_ll_hex                           0x08004635   Thumb Code    12  _printf_hex_int_ll_ptr.o(.text)
    _printf_hex_ptr                          0x08004641   Thumb Code    18  _printf_hex_int_ll_ptr.o(.text)
    __printf                                 0x08004659   Thumb Code   390  __printf_flags_ss_wp.o(.text)
    _strtoul                                 0x080047e5   Thumb Code   158  _strtoul.o(.text)
    __strtok_internal                        0x08004885   Thumb Code    64  strtok_int.o(.text)
    __user_libspace                          0x080048c9   Thumb Code     8  libspace.o(.text)
    __user_perproc_libspace                  0x080048c9   Thumb Code     0  libspace.o(.text)
    __user_perthread_libspace                0x080048c9   Thumb Code     0  libspace.o(.text)
    __rt_locale                              0x080048d1   Thumb Code     8  rt_locale_intlibspace.o(.text)
    _ll_udiv10                               0x080048d9   Thumb Code   138  lludiv10.o(.text)
    _printf_int_common                       0x08004963   Thumb Code   184  _printf_intcommon.o(.text)
    __lib_sel_fp_printf                      0x08004a1b   Thumb Code     2  _printf_fp_dec.o(.text)
    _printf_fp_dec_real                      0x08004bc7   Thumb Code   628  _printf_fp_dec.o(.text)
    _printf_cs_common                        0x08004e3b   Thumb Code    20  _printf_char.o(.text)
    _printf_char                             0x08004e4f   Thumb Code    16  _printf_char.o(.text)
    _printf_string                           0x08004e5f   Thumb Code     8  _printf_char.o(.text)
    _printf_lcs_common                       0x08004e67   Thumb Code    20  _printf_wchar.o(.text)
    _printf_wchar                            0x08004e7b   Thumb Code    16  _printf_wchar.o(.text)
    _printf_wstring                          0x08004e8b   Thumb Code     8  _printf_wchar.o(.text)
    _chval                                   0x08004e93   Thumb Code    28  _chval.o(.text)
    _wcrtomb                                 0x08004eaf   Thumb Code    64  _wcrtomb.o(.text)
    strcspn                                  0x08004eef   Thumb Code    32  strcspn.o(.text)
    strspn                                   0x08004f0f   Thumb Code    28  strspn.o(.text)
    __user_setup_stackheap                   0x08004f2b   Thumb Code    74  sys_stackheap_outer.o(.text)
    _printf_fp_infnan                        0x08004f75   Thumb Code   112  _printf_fp_infnan.o(.text)
    _btod_etento                             0x08004ff5   Thumb Code   222  bigflt0.o(.text)
    exit                                     0x080050d9   Thumb Code    12  exit.o(.text)
    _sys_exit                                0x080050e5   Thumb Code     8  sys_exit.o(.text)
    __I$use$semihosting                      0x080050f1   Thumb Code     0  use_no_semi.o(.text)
    __use_no_semihosting_swi                 0x080050f1   Thumb Code     2  use_no_semi.o(.text)
    __semihosting_library_function           0x080050f3   Thumb Code     0  indicate_semi.o(.text)
    _btod_d2e                                0x080050f3   Thumb Code    62  btod.o(CL$$btod_d2e)
    _d2e_denorm_low                          0x08005131   Thumb Code    70  btod.o(CL$$btod_d2e_denorm_low)
    _d2e_norm_op1                            0x08005177   Thumb Code    96  btod.o(CL$$btod_d2e_norm_op1)
    __btod_div_common                        0x080051d7   Thumb Code   696  btod.o(CL$$btod_div_common)
    _e2e                                     0x0800550f   Thumb Code   198  btod.o(CL$$btod_e2e)
    _btod_ediv                               0x080055d5   Thumb Code    40  btod.o(CL$$btod_ediv)
    _btod_emul                               0x080055fd   Thumb Code    40  btod.o(CL$$btod_emul)
    __btod_mult_common                       0x08005625   Thumb Code   580  btod.o(CL$$btod_mult_common)
    __ARM_fpclassify                         0x08005869   Thumb Code    48  fpclassify.o(i.__ARM_fpclassify)
    _is_digit                                0x08005899   Thumb Code    14  __printf_wp.o(i._is_digit)
    _get_lc_ctype                            0x080058a9   Thumb Code    44  lc_ctype_c.o(locale$$code)
    _get_lc_numeric                          0x080058d5   Thumb Code    44  lc_numeric_c.o(locale$$code)
    _fp_init                                 0x08005901   Thumb Code    10  fpinit.o(x$fpl$fpinit)
    __fplib_config_fpu_vfp                   0x08005909   Thumb Code     0  fpinit.o(x$fpl$fpinit)
    __fplib_config_pureend_doubles           0x08005909   Thumb Code     0  fpinit.o(x$fpl$fpinit)
    _printf_fp_dec                           0x0800590b   Thumb Code     4  printf1.o(x$fpl$printf1)
    __I$use$fp                               0x0800590e   Number         0  usenofp.o(x$fpl$usenofp)
    Region$$Table$$Base                      0x080059e8   Number         0  anon$$obj.o(Region$$Table)
    Region$$Table$$Limit                     0x08005a08   Number         0  anon$$obj.o(Region$$Table)
    __ctype                                  0x08005a15   Data           0  lc_ctype_c.o(locale$$data)
    SystemCoreClock                          0x20000000   Data           4  system_stm32f4xx.o(.data)
    AHBPrescTable                            0x20000004   Data          16  system_stm32f4xx.o(.data)
    usart_rx_len                             0x20000014   Data           1  msg_handler.o(.data)
    USART_RX_STA                             0x20000015   Data           1  msg_handler.o(.data)
    relay_array                              0x20000018   Data          96  relay.o(.data)
    led_array                                0x20000088   Data          36  gpio.o(.data)
    LED1_FLASHING                            0x200000ac   Data           1  gpio.o(.data)
    LED2_FLASHING                            0x200000ad   Data           1  gpio.o(.data)
    LED3_FLASHING                            0x200000ae   Data           1  gpio.o(.data)
    TimerPeriod                              0x200000b0   Data           2  tim_pwm.o(.data)
    Channel1Pulse                            0x200000b2   Data           2  tim_pwm.o(.data)
    Channel2Pulse                            0x200000b4   Data           2  tim_pwm.o(.data)
    Channel3Pulse                            0x200000b6   Data           2  tim_pwm.o(.data)
    Channel4Pulse                            0x200000b8   Data           2  tim_pwm.o(.data)
    PB1_TIM_ARR                              0x200000bc   Data           4  tim_pwm.o(.data)
    PB1_TIM_PSC                              0x200000c0   Data           2  tim_pwm.o(.data)
    PB2_TIM_ARR                              0x200000c4   Data           4  tim_pwm.o(.data)
    PB2_TIM_PSC                              0x200000c8   Data           2  tim_pwm.o(.data)
    TIM_CLOCK_BASE                           0x200000cc   Data           4  tim_pwm.o(.data)
    NVIC_InitStructure                       0x200000d0   Data           4  tim_pwm.o(.data)
    GPIO_InitStructure                       0x200000d4   Data           8  tim_pwm.o(.data)
    DEFAULT_BAUD_GSM                         0x200000dc   Data           4  usart.o(.data)
    mytimer_stepscount                       0x200000e0   Data           4  mytimer.o(.data)
    mytimer_arr                              0x200000e4   Data           4  mytimer.o(.data)
    mytimer_psc                              0x200000e8   Data           2  mytimer.o(.data)
    USART_RX_BUF                             0x200000f0   Data          64  msg_handler.o(.bss)
    cmd_buf                                  0x20000130   Data          64  msg_handler.o(.bss)
    motor_array                              0x20000170   Data         960  motor.o(.bss)
    read0bit_array                           0x20000530   Data          48  motor.o(.bss)
    TIM_TimeBaseStructure                    0x20000560   Data          12  tim_pwm.o(.bss)
    TIM_OCInitStructure                      0x2000056c   Data          20  tim_pwm.o(.bss)
    timer_array                              0x20000580   Data         896  tim_pwm.o(.bss)
    __libspace_start                         0x20000900   Data          96  libspace.o(.bss)
    __temporary_stack_top$libspace           0x20000960   Data           0  libspace.o(.bss)



==============================================================================

Memory Map of the image

  Image Entry point : 0x08000189

  Load Region LR_IROM1 (Base: 0x08000000, Size: 0x00005c24, Max: 0x00100000, ABSOLUTE)

    Execution Region ER_IROM1 (Base: 0x08000000, Size: 0x00005b34, Max: 0x00100000, ABSOLUTE)

    Base Addr    Size         Type   Attr      Idx    E Section Name        Object

    0x08000000   0x00000188   Data   RO          128    RESET               startup_stm32f4xx.o
    0x08000188   0x00000008   Code   RO          499  * !!!main             c_w.l(__main.o)
    0x08000190   0x00000034   Code   RO          821    !!!scatter          c_w.l(__scatter.o)
    0x080001c4   0x0000001a   Code   RO          823    !!handler_copy      c_w.l(__scatter_copy.o)
    0x080001de   0x00000002   PAD
    0x080001e0   0x0000001c   Code   RO          825    !!handler_zi        c_w.l(__scatter_zi.o)
    0x080001fc   0x00000000   Code   RO          590    .ARM.Collect$$_printf_percent$$00000000  c_w.l(_printf_percent.o)
    0x080001fc   0x00000006   Code   RO          579    .ARM.Collect$$_printf_percent$$00000001  c_w.l(_printf_n.o)
    0x08000202   0x00000006   Code   RO          581    .ARM.Collect$$_printf_percent$$00000002  c_w.l(_printf_p.o)
    0x08000208   0x00000006   Code   RO          586    .ARM.Collect$$_printf_percent$$00000003  c_w.l(_printf_f.o)
    0x0800020e   0x00000006   Code   RO          587    .ARM.Collect$$_printf_percent$$00000004  c_w.l(_printf_e.o)
    0x08000214   0x00000006   Code   RO          588    .ARM.Collect$$_printf_percent$$00000005  c_w.l(_printf_g.o)
    0x0800021a   0x00000006   Code   RO          589    .ARM.Collect$$_printf_percent$$00000006  c_w.l(_printf_a.o)
    0x08000220   0x0000000a   Code   RO          594    .ARM.Collect$$_printf_percent$$00000007  c_w.l(_printf_ll.o)
    0x0800022a   0x00000006   Code   RO          583    .ARM.Collect$$_printf_percent$$00000008  c_w.l(_printf_i.o)
    0x08000230   0x00000006   Code   RO          584    .ARM.Collect$$_printf_percent$$00000009  c_w.l(_printf_d.o)
    0x08000236   0x00000006   Code   RO          585    .ARM.Collect$$_printf_percent$$0000000A  c_w.l(_printf_u.o)
    0x0800023c   0x00000006   Code   RO          582    .ARM.Collect$$_printf_percent$$0000000B  c_w.l(_printf_o.o)
    0x08000242   0x00000006   Code   RO          580    .ARM.Collect$$_printf_percent$$0000000C  c_w.l(_printf_x.o)
    0x08000248   0x00000006   Code   RO          591    .ARM.Collect$$_printf_percent$$0000000D  c_w.l(_printf_lli.o)
    0x0800024e   0x00000006   Code   RO          592    .ARM.Collect$$_printf_percent$$0000000E  c_w.l(_printf_lld.o)
    0x08000254   0x00000006   Code   RO          593    .ARM.Collect$$_printf_percent$$0000000F  c_w.l(_printf_llu.o)
    0x0800025a   0x00000006   Code   RO          598    .ARM.Collect$$_printf_percent$$00000010  c_w.l(_printf_llo.o)
    0x08000260   0x00000006   Code   RO          599    .ARM.Collect$$_printf_percent$$00000011  c_w.l(_printf_llx.o)
    0x08000266   0x0000000a   Code   RO          595    .ARM.Collect$$_printf_percent$$00000012  c_w.l(_printf_l.o)
    0x08000270   0x00000006   Code   RO          577    .ARM.Collect$$_printf_percent$$00000013  c_w.l(_printf_c.o)
    0x08000276   0x00000006   Code   RO          578    .ARM.Collect$$_printf_percent$$00000014  c_w.l(_printf_s.o)
    0x0800027c   0x00000006   Code   RO          596    .ARM.Collect$$_printf_percent$$00000015  c_w.l(_printf_lc.o)
    0x08000282   0x00000006   Code   RO          597    .ARM.Collect$$_printf_percent$$00000016  c_w.l(_printf_ls.o)
    0x08000288   0x00000004   Code   RO          641    .ARM.Collect$$_printf_percent$$00000017  c_w.l(_printf_percent_end.o)
    0x0800028c   0x00000002   Code   RO          692    .ARM.Collect$$libinit$$00000000  c_w.l(libinit.o)
    0x0800028e   0x00000004   Code   RO          693    .ARM.Collect$$libinit$$00000001  c_w.l(libinit2.o)
    0x08000292   0x00000000   Code   RO          697    .ARM.Collect$$libinit$$00000008  c_w.l(libinit2.o)
    0x08000292   0x00000000   Code   RO          699    .ARM.Collect$$libinit$$0000000A  c_w.l(libinit2.o)
    0x08000292   0x00000000   Code   RO          701    .ARM.Collect$$libinit$$0000000C  c_w.l(libinit2.o)
    0x08000292   0x00000006   Code   RO          702    .ARM.Collect$$libinit$$0000000D  c_w.l(libinit2.o)
    0x08000298   0x00000000   Code   RO          704    .ARM.Collect$$libinit$$0000000F  c_w.l(libinit2.o)
    0x08000298   0x0000000c   Code   RO          705    .ARM.Collect$$libinit$$00000010  c_w.l(libinit2.o)
    0x080002a4   0x00000000   Code   RO          706    .ARM.Collect$$libinit$$00000011  c_w.l(libinit2.o)
    0x080002a4   0x00000000   Code   RO          708    .ARM.Collect$$libinit$$00000013  c_w.l(libinit2.o)
    0x080002a4   0x0000000a   Code   RO          709    .ARM.Collect$$libinit$$00000014  c_w.l(libinit2.o)
    0x080002ae   0x00000000   Code   RO          710    .ARM.Collect$$libinit$$00000015  c_w.l(libinit2.o)
    0x080002ae   0x00000000   Code   RO          712    .ARM.Collect$$libinit$$00000017  c_w.l(libinit2.o)
    0x080002ae   0x00000000   Code   RO          714    .ARM.Collect$$libinit$$00000019  c_w.l(libinit2.o)
    0x080002ae   0x00000000   Code   RO          716    .ARM.Collect$$libinit$$0000001B  c_w.l(libinit2.o)
    0x080002ae   0x00000000   Code   RO          718    .ARM.Collect$$libinit$$0000001D  c_w.l(libinit2.o)
    0x080002ae   0x00000000   Code   RO          720    .ARM.Collect$$libinit$$0000001F  c_w.l(libinit2.o)
    0x080002ae   0x00000000   Code   RO          722    .ARM.Collect$$libinit$$00000021  c_w.l(libinit2.o)
    0x080002ae   0x00000000   Code   RO          724    .ARM.Collect$$libinit$$00000023  c_w.l(libinit2.o)
    0x080002ae   0x00000000   Code   RO          728    .ARM.Collect$$libinit$$0000002A  c_w.l(libinit2.o)
    0x080002ae   0x00000000   Code   RO          730    .ARM.Collect$$libinit$$0000002C  c_w.l(libinit2.o)
    0x080002ae   0x00000000   Code   RO          732    .ARM.Collect$$libinit$$0000002E  c_w.l(libinit2.o)
    0x080002ae   0x00000000   Code   RO          734    .ARM.Collect$$libinit$$00000030  c_w.l(libinit2.o)
    0x080002ae   0x00000002   Code   RO          735    .ARM.Collect$$libinit$$00000031  c_w.l(libinit2.o)
    0x080002b0   0x00000002   Code   RO          770    .ARM.Collect$$libshutdown$$00000000  c_w.l(libshutdown.o)
    0x080002b2   0x00000000   Code   RO          782    .ARM.Collect$$libshutdown$$00000003  c_w.l(libshutdown2.o)
    0x080002b2   0x00000000   Code   RO          785    .ARM.Collect$$libshutdown$$00000006  c_w.l(libshutdown2.o)
    0x080002b2   0x00000000   Code   RO          788    .ARM.Collect$$libshutdown$$00000009  c_w.l(libshutdown2.o)
    0x080002b2   0x00000000   Code   RO          790    .ARM.Collect$$libshutdown$$0000000B  c_w.l(libshutdown2.o)
    0x080002b2   0x00000000   Code   RO          793    .ARM.Collect$$libshutdown$$0000000E  c_w.l(libshutdown2.o)
    0x080002b2   0x00000002   Code   RO          794    .ARM.Collect$$libshutdown$$0000000F  c_w.l(libshutdown2.o)
    0x080002b4   0x00000000   Code   RO          501    .ARM.Collect$$rtentry$$00000000  c_w.l(rtentry.o)
    0x080002b4   0x00000000   Code   RO          610    .ARM.Collect$$rtentry$$00000002  c_w.l(rtentry2.o)
    0x080002b4   0x00000006   Code   RO          622    .ARM.Collect$$rtentry$$00000004  c_w.l(rtentry4.o)
    0x080002ba   0x00000000   Code   RO          612    .ARM.Collect$$rtentry$$00000009  c_w.l(rtentry2.o)
    0x080002ba   0x00000004   Code   RO          613    .ARM.Collect$$rtentry$$0000000A  c_w.l(rtentry2.o)
    0x080002be   0x00000000   Code   RO          615    .ARM.Collect$$rtentry$$0000000C  c_w.l(rtentry2.o)
    0x080002be   0x00000008   Code   RO          616    .ARM.Collect$$rtentry$$0000000D  c_w.l(rtentry2.o)
    0x080002c6   0x00000002   Code   RO          741    .ARM.Collect$$rtexit$$00000000  c_w.l(rtexit.o)
    0x080002c8   0x00000000   Code   RO          748    .ARM.Collect$$rtexit$$00000002  c_w.l(rtexit2.o)
    0x080002c8   0x00000004   Code   RO          749    .ARM.Collect$$rtexit$$00000003  c_w.l(rtexit2.o)
    0x080002cc   0x00000006   Code   RO          750    .ARM.Collect$$rtexit$$00000004  c_w.l(rtexit2.o)
    0x080002d2   0x00000002   PAD
    0x080002d4   0x0000020c   Code   RO            2    .text               system_stm32f4xx.o
    0x080004e0   0x00000040   Code   RO          129    .text               startup_stm32f4xx.o
    0x08000520   0x00000078   Code   RO          134    .text               main.o
    0x08000598   0x00000144   Code   RO          187    .text               stm32f4xx_it.o
    0x080006dc   0x000003a8   Code   RO          209    .text               msg_handler.o
    0x08000a84   0x00000cbc   Code   RO          242    .text               motor.o
    0x08001740   0x000000a0   Code   RO          268    .text               relay.o
    0x080017e0   0x000000e4   Code   RO          290    .text               misc.o
    0x080018c4   0x0000025c   Code   RO          306    .text               stm32f4xx_gpio.o
    0x08001b20   0x00000588   Code   RO          322    .text               stm32f4xx_rcc.o
    0x080020a8   0x00000ca2   Code   RO          340    .text               stm32f4xx_tim.o
    0x08002d4a   0x00000002   PAD
    0x08002d4c   0x0000041a   Code   RO          356    .text               stm32f4xx_usart.o
    0x08003166   0x00000002   PAD
    0x08003168   0x000001fc   Code   RO          388    .text               gpio.o
    0x08003364   0x00000abc   Code   RO          407    .text               tim_pwm.o
    0x08003e20   0x00000140   Code   RO          433    .text               usart.o
    0x08003f60   0x000000d0   Code   RO          462    .text               mytimer.o
    0x08004030   0x00000024   Code   RO          482    .text               c_w.l(c89vsprintf.o)
    0x08004054   0x00000070   Code   RO          484    .text               c_w.l(strtol.o)
    0x080040c4   0x0000000c   Code   RO          486    .text               c_w.l(strtok.o)
    0x080040d0   0x00000064   Code   RO          489    .text               c_w.l(rt_memcpy_w.o)
    0x08004134   0x00000044   Code   RO          491    .text               c_w.l(rt_memclr.o)
    0x08004178   0x0000004e   Code   RO          493    .text               c_w.l(rt_memclr_w.o)
    0x080041c6   0x00000002   PAD
    0x080041c8   0x00000080   Code   RO          495    .text               c_w.l(strcmpv7m.o)
    0x08004248   0x00000006   Code   RO          497    .text               c_w.l(heapauxi.o)
    0x0800424e   0x00000002   PAD
    0x08004250   0x00000010   Code   RO          502    .text               c_w.l(rt_ctype_table.o)
    0x08004260   0x00000008   Code   RO          507    .text               c_w.l(rt_errno_addr_intlibspace.o)
    0x08004268   0x00000052   Code   RO          511    .text               c_w.l(_printf_pad.o)
    0x080042ba   0x00000024   Code   RO          513    .text               c_w.l(_printf_truncate.o)
    0x080042de   0x00000052   Code   RO          515    .text               c_w.l(_printf_str.o)
    0x08004330   0x00000078   Code   RO          517    .text               c_w.l(_printf_dec.o)
    0x080043a8   0x0000002a   Code   RO          519    .text               c_w.l(_printf_charcount.o)
    0x080043d2   0x00000002   PAD
    0x080043d4   0x00000030   Code   RO          521    .text               c_w.l(_printf_char_common.o)
    0x08004404   0x0000000a   Code   RO          523    .text               c_w.l(_sputc.o)
    0x0800440e   0x00000002   PAD
    0x08004410   0x000000bc   Code   RO          525    .text               c_w.l(_printf_wctomb.o)
    0x080044cc   0x00000078   Code   RO          528    .text               c_w.l(_printf_longlong_dec.o)
    0x08004544   0x00000078   Code   RO          534    .text               c_w.l(_printf_oct_int_ll.o)
    0x080045bc   0x0000009c   Code   RO          554    .text               c_w.l(_printf_hex_int_ll_ptr.o)
    0x08004658   0x0000018c   Code   RO          574    .text               c_w.l(__printf_flags_ss_wp.o)
    0x080047e4   0x0000009e   Code   RO          600    .text               c_w.l(_strtoul.o)
    0x08004882   0x00000002   PAD
    0x08004884   0x00000044   Code   RO          602    .text               c_w.l(strtok_int.o)
    0x080048c8   0x00000008   Code   RO          606    .text               c_w.l(libspace.o)
    0x080048d0   0x00000008   Code   RO          627    .text               c_w.l(rt_locale_intlibspace.o)
    0x080048d8   0x0000008a   Code   RO          629    .text               c_w.l(lludiv10.o)
    0x08004962   0x000000b8   Code   RO          631    .text               c_w.l(_printf_intcommon.o)
    0x08004a1a   0x00000420   Code   RO          633    .text               c_w.l(_printf_fp_dec.o)
    0x08004e3a   0x0000002c   Code   RO          637    .text               c_w.l(_printf_char.o)
    0x08004e66   0x0000002c   Code   RO          639    .text               c_w.l(_printf_wchar.o)
    0x08004e92   0x0000001c   Code   RO          642    .text               c_w.l(_chval.o)
    0x08004eae   0x00000040   Code   RO          644    .text               c_w.l(_wcrtomb.o)
    0x08004eee   0x00000020   Code   RO          649    .text               c_w.l(strcspn.o)
    0x08004f0e   0x0000001c   Code   RO          651    .text               c_w.l(strspn.o)
    0x08004f2a   0x0000004a   Code   RO          653    .text               c_w.l(sys_stackheap_outer.o)
    0x08004f74   0x00000080   Code   RO          655    .text               c_w.l(_printf_fp_infnan.o)
    0x08004ff4   0x000000e4   Code   RO          657    .text               c_w.l(bigflt0.o)
    0x080050d8   0x0000000c   Code   RO          685    .text               c_w.l(exit.o)
    0x080050e4   0x0000000c   Code   RO          760    .text               c_w.l(sys_exit.o)
    0x080050f0   0x00000002   Code   RO          771    .text               c_w.l(use_no_semi.o)
    0x080050f2   0x00000000   Code   RO          773    .text               c_w.l(indicate_semi.o)
    0x080050f2   0x0000003e   Code   RO          660    CL$$btod_d2e        c_w.l(btod.o)
    0x08005130   0x00000046   Code   RO          662    CL$$btod_d2e_denorm_low  c_w.l(btod.o)
    0x08005176   0x00000060   Code   RO          661    CL$$btod_d2e_norm_op1  c_w.l(btod.o)
    0x080051d6   0x00000338   Code   RO          670    CL$$btod_div_common  c_w.l(btod.o)
    0x0800550e   0x000000c6   Code   RO          667    CL$$btod_e2e        c_w.l(btod.o)
    0x080055d4   0x00000028   Code   RO          664    CL$$btod_ediv       c_w.l(btod.o)
    0x080055fc   0x00000028   Code   RO          663    CL$$btod_emul       c_w.l(btod.o)
    0x08005624   0x00000244   Code   RO          669    CL$$btod_mult_common  c_w.l(btod.o)
    0x08005868   0x00000030   Code   RO          739    i.__ARM_fpclassify  m_wm.l(fpclassify.o)
    0x08005898   0x0000000e   Code   RO          567    i._is_digit         c_w.l(__printf_wp.o)
    0x080058a6   0x00000002   PAD
    0x080058a8   0x0000002c   Code   RO          647    locale$$code        c_w.l(lc_ctype_c.o)
    0x080058d4   0x0000002c   Code   RO          683    locale$$code        c_w.l(lc_numeric_c.o)
    0x08005900   0x0000000a   Code   RO          745    x$fpl$fpinit        fz_wm.l(fpinit.o)
    0x0800590a   0x00000004   Code   RO          604    x$fpl$printf1       fz_wm.l(printf1.o)
    0x0800590e   0x00000000   Code   RO          738    x$fpl$usenofp       fz_wm.l(usenofp.o)
    0x0800590e   0x00000002   PAD
    0x08005910   0x00000008   Data   RO          526    .constdata          c_w.l(_printf_wctomb.o)
    0x08005918   0x00000028   Data   RO          555    .constdata          c_w.l(_printf_hex_int_ll_ptr.o)
    0x08005940   0x00000011   Data   RO          575    .constdata          c_w.l(__printf_flags_ss_wp.o)
    0x08005951   0x00000003   PAD
    0x08005954   0x00000094   Data   RO          658    .constdata          c_w.l(bigflt0.o)
    0x080059e8   0x00000020   Data   RO          819    Region$$Table       anon$$obj.o
    0x08005a08   0x00000110   Data   RO          646    locale$$data        c_w.l(lc_ctype_c.o)
    0x08005b18   0x0000001c   Data   RO          682    locale$$data        c_w.l(lc_numeric_c.o)


    Execution Region RW_IRAM1 (Base: 0x20000000, Size: 0x00000f60, Max: 0x00020000, ABSOLUTE)

    Base Addr    Size         Type   Attr      Idx    E Section Name        Object

    0x20000000   0x00000014   Data   RW            3    .data               system_stm32f4xx.o
    0x20000014   0x00000002   Data   RW          211    .data               msg_handler.o
    0x20000016   0x00000002   PAD
    0x20000018   0x00000060   Data   RW          269    .data               relay.o
    0x20000078   0x00000010   Data   RW          323    .data               stm32f4xx_rcc.o
    0x20000088   0x00000027   Data   RW          389    .data               gpio.o
    0x200000af   0x00000001   PAD
    0x200000b0   0x0000002c   Data   RW          409    .data               tim_pwm.o
    0x200000dc   0x00000004   Data   RW          434    .data               usart.o
    0x200000e0   0x0000000a   Data   RW          463    .data               mytimer.o
    0x200000ea   0x00000002   PAD
    0x200000ec   0x00000004   Data   RW          487    .data               c_w.l(strtok.o)
    0x200000f0   0x00000080   Zero   RW          210    .bss                msg_handler.o
    0x20000170   0x000003f0   Zero   RW          243    .bss                motor.o
    0x20000560   0x000003a0   Zero   RW          408    .bss                tim_pwm.o
    0x20000900   0x00000060   Zero   RW          607    .bss                c_w.l(libspace.o)
    0x20000960   0x00000200   Zero   RW          127    HEAP                startup_stm32f4xx.o
    0x20000b60   0x00000400   Zero   RW          126    STACK               startup_stm32f4xx.o


==============================================================================

Image component sizes


      Code (inc. data)   RO Data    RW Data    ZI Data      Debug   Object Name

       508         24          0         39          0       2823   gpio.o
       120         60          0          0          0       1495   main.o
       228         22          0          0          0       1865   misc.o
      3260        272          0          0       1008       6649   motor.o
       936        244          0          2        128       2403   msg_handler.o
       208         24          0         10          0        984   mytimer.o
       160          4          0         96          0       1446   relay.o
        64         26        392          0       1536        872   startup_stm32f4xx.o
       604         36          0          0          0       4109   stm32f4xx_gpio.o
       324         16          0          0          0       3275   stm32f4xx_it.o
      1416         48          0         16          0      10967   stm32f4xx_rcc.o
      3234         60          0          0          0      22344   stm32f4xx_tim.o
      1050         26          0          0          0       7820   stm32f4xx_usart.o
       524         44          0         20          0     260143   system_stm32f4xx.o
      2748        210          0         44        928       6482   tim_pwm.o
       320         12          0          4          0       2025   usart.o

    ----------------------------------------------------------------------
     15708       1128        424        236       3600     335702   Object Totals
         0          0         32          0          0          0   (incl. Generated)
         4          0          0          5          0          0   (incl. Padding)

    ----------------------------------------------------------------------

      Code (inc. data)   RO Data    RW Data    ZI Data      Debug   Library Member Name

         8          0          0          0          0         68   __main.o
       396          6         17          0          0         92   __printf_flags_ss_wp.o
        14          0          0          0          0         68   __printf_wp.o
        52          8          0          0          0          0   __scatter.o
        26          0          0          0          0          0   __scatter_copy.o
        28          0          0          0          0          0   __scatter_zi.o
        28          0          0          0          0         68   _chval.o
         6          0          0          0          0          0   _printf_a.o
         6          0          0          0          0          0   _printf_c.o
        44          0          0          0          0        108   _printf_char.o
        48          6          0          0          0         96   _printf_char_common.o
        42          0          0          0          0         68   _printf_charcount.o
         6          0          0          0          0          0   _printf_d.o
       120         18          0          0          0         92   _printf_dec.o
         6          0          0          0          0          0   _printf_e.o
         6          0          0          0          0          0   _printf_f.o
      1056          0          0          0          0        216   _printf_fp_dec.o
       128         16          0          0          0         84   _printf_fp_infnan.o
         6          0          0          0          0          0   _printf_g.o
       156          6         40          0          0        160   _printf_hex_int_ll_ptr.o
         6          0          0          0          0          0   _printf_i.o
       184          0          0          0          0         88   _printf_intcommon.o
        10          0          0          0          0          0   _printf_l.o
         6          0          0          0          0          0   _printf_lc.o
        10          0          0          0          0          0   _printf_ll.o
         6          0          0          0          0          0   _printf_lld.o
         6          0          0          0          0          0   _printf_lli.o
         6          0          0          0          0          0   _printf_llo.o
         6          0          0          0          0          0   _printf_llu.o
         6          0          0          0          0          0   _printf_llx.o
       120         16          0          0          0         92   _printf_longlong_dec.o
         6          0          0          0          0          0   _printf_ls.o
         6          0          0          0          0          0   _printf_n.o
         6          0          0          0          0          0   _printf_o.o
       120          8          0          0          0        124   _printf_oct_int_ll.o
         6          0          0          0          0          0   _printf_p.o
        82          0          0          0          0        108   _printf_pad.o
         0          0          0          0          0          0   _printf_percent.o
         4          0          0          0          0          0   _printf_percent_end.o
         6          0          0          0          0          0   _printf_s.o
        82          0          0          0          0         80   _printf_str.o
        36          0          0          0          0         84   _printf_truncate.o
         6          0          0          0          0          0   _printf_u.o
        44          0          0          0          0        108   _printf_wchar.o
       188          6          8          0          0         92   _printf_wctomb.o
         6          0          0          0          0          0   _printf_x.o
        10          0          0          0          0         68   _sputc.o
       158          0          0          0          0         92   _strtoul.o
        64          0          0          0          0         92   _wcrtomb.o
       228          6        148          0          0         96   bigflt0.o
      1910        128          0          0          0        672   btod.o
        36          4          0          0          0         76   c89vsprintf.o
        12          0          0          0          0         72   exit.o
         6          0          0          0          0        152   heapauxi.o
         0          0          0          0          0          0   indicate_semi.o
        44         10        272          0          0         76   lc_ctype_c.o
        44         10         28          0          0         76   lc_numeric_c.o
         2          0          0          0          0          0   libinit.o
        34          0          0          0          0          0   libinit2.o
         2          0          0          0          0          0   libshutdown.o
         2          0          0          0          0          0   libshutdown2.o
         8          4          0          0         96         68   libspace.o
       138          0          0          0          0         80   lludiv10.o
        16          4          0          0          0         76   rt_ctype_table.o
         8          4          0          0          0         68   rt_errno_addr_intlibspace.o
         8          4          0          0          0         68   rt_locale_intlibspace.o
        68          0          0          0          0         68   rt_memclr.o
        78          0          0          0          0         80   rt_memclr_w.o
       100          0          0          0          0         80   rt_memcpy_w.o
         0          0          0          0          0          0   rtentry.o
        12          0          0          0          0          0   rtentry2.o
         6          0          0          0          0          0   rtentry4.o
         2          0          0          0          0          0   rtexit.o
        10          0          0          0          0          0   rtexit2.o
       128          0          0          0          0         68   strcmpv7m.o
        32          0          0          0          0         80   strcspn.o
        28          0          0          0          0         80   strspn.o
        12          6          0          4          0         68   strtok.o
        68          4          0          0          0         84   strtok_int.o
       112          0          0          0          0         88   strtol.o
        12          4          0          0          0         68   sys_exit.o
        74          0          0          0          0         80   sys_stackheap_outer.o
         2          0          0          0          0         68   use_no_semi.o
        10          0          0          0          0        116   fpinit.o
         4          0          0          0          0        116   printf1.o
         0          0          0          0          0          0   usenofp.o
        48          0          0          0          0        124   fpclassify.o

    ----------------------------------------------------------------------
      6700        278        516          4         96       4996   Library Totals
        18          0          3          0          0          0   (incl. Padding)

    ----------------------------------------------------------------------

      Code (inc. data)   RO Data    RW Data    ZI Data      Debug   Library Name

      6620        278        513          4         96       4640   c_w.l
        14          0          0          0          0        232   fz_wm.l
        48          0          0          0          0        124   m_wm.l

    ----------------------------------------------------------------------
      6700        278        516          4         96       4996   Library Totals

    ----------------------------------------------------------------------

==============================================================================


      Code (inc. data)   RO Data    RW Data    ZI Data      Debug   

     22408       1406        940        240       3696     334794   Grand Totals
     22408       1406        940        240       3696     334794   ELF Image Totals
     22408       1406        940        240          0          0   ROM Totals

==============================================================================

    Total RO  Size (Code + RO Data)                23348 (  22.80kB)
    Total RW  Size (RW Data + ZI Data)              3936 (   3.84kB)
    Total ROM Size (Code + RO Data + RW Data)      23588 (  23.04kB)

==============================================================================

